Command: flutter test --no-pub --timeout=3m test/features/nutrition/coach_meal_commit_boundary_test.dart --reporter=json --concurrency=1

{"protocolVersion":"0.1.1","runnerVersion":"1.31.0","pid":25856,"type":"start","time":0}
{"suite":{"id":0,"platform":"vm","path":"G:/BIL_Project/worktrees/bil-full-preflight-20261011/test/features/nutrition/coach_meal_commit_boundary_test.dart"},"type":"suite","time":0}
{"test":{"id":1,"name":"loading G:/BIL_Project/worktrees/bil-full-preflight-20261011/test/features/nutrition/coach_meal_commit_boundary_test.dart","suiteID":0,"groupIDs":[],"metadata":{"skip":false,"skipReason":null},"line":null,"column":null,"url":null},"type":"testStart","time":1}
{"count":1,"time":7,"type":"allSuites"}
{"testID":1,"result":"success","skipped":false,"hidden":true,"type":"testDone","time":3893}
{"group":{"id":2,"suiteID":0,"parentID":null,"name":"","metadata":{"skip":false,"skipReason":null},"testCount":16,"line":null,"column":null,"url":null},"type":"group","time":3895}
{"group":{"id":3,"suiteID":0,"parentID":2,"name":"Coach meal journal","metadata":{"skip":false,"skipReason":null},"testCount":13,"line":34,"column":3,"url":"file:///G:/BIL_Project/worktrees/bil-full-preflight-20261011/test/features/nutrition/coach_meal_commit_boundary_test.dart"},"type":"group","time":3895}
{"test":{"id":4,"name":"Coach meal journal 1905 calorie-only command has unknown macros in stored item, receipt and totals","suiteID":0,"groupIDs":[2,3],"metadata":{"skip":false,"skipReason":null},"line":72,"column":3,"url":"file:///G:/BIL_Project/worktrees/bil-full-preflight-20261011/test/features/nutrition/coach_meal_journal_cases.dart","root_line":34,"root_column":3,"root_url":"file:///G:/BIL_Project/worktrees/bil-full-preflight-20261011/test/features/nutrition/coach_meal_commit_boundary_test.dart"},"type":"testStart","time":3895}
{"testID":4,"result":"success","skipped":false,"hidden":false,"type":"testDone","time":4105}
{"test":{"id":5,"name":"Coach meal journal Undo add touches only its item and preserves a reused bucket and older food","suiteID":0,"groupIDs":[2,3],"metadata":{"skip":false,"skipReason":null},"line":116,"column":3,"url":"file:///G:/BIL_Project/worktrees/bil-full-preflight-20261011/test/features/nutrition/coach_meal_journal_cases.dart","root_line":34,"root_column":3,"root_url":"file:///G:/BIL_Project/worktrees/bil-full-preflight-20261011/test/features/nutrition/coach_meal_commit_boundary_test.dart"},"type":"testStart","time":4105}
{"testID":5,"result":"success","skipped":false,"hidden":false,"type":"testDone","time":4155}
{"test":{"id":6,"name":"Coach meal journal Undo removes a newly created empty bucket but preserves later unrelated food","suiteID":0,"groupIDs":[2,3],"metadata":{"skip":false,"skipReason":null},"line":139,"column":3,"url":"file:///G:/BIL_Project/worktrees/bil-full-preflight-20261011/test/features/nutrition/coach_meal_journal_cases.dart","root_line":34,"root_column":3,"root_url":"file:///G:/BIL_Project/worktrees/bil-full-preflight-20261011/test/features/nutrition/coach_meal_commit_boundary_test.dart"},"type":"testStart","time":4155}
{"testID":6,"result":"success","skipped":false,"hidden":false,"type":"testDone","time":4219}
{"test":{"id":7,"name":"Coach meal journal same operation after repository restart reads committed rows and a changed command conflicts","suiteID":0,"groupIDs":[2,3],"metadata":{"skip":false,"skipReason":null},"line":157,"column":3,"url":"file:///G:/BIL_Project/worktrees/bil-full-preflight-20261011/test/features/nutrition/coach_meal_journal_cases.dart","root_line":34,"root_column":3,"root_url":"file:///G:/BIL_Project/worktrees/bil-full-preflight-20261011/test/features/nutrition/coach_meal_commit_boundary_test.dart"},"type":"testStart","time":4220}
{"testID":7,"result":"success","skipped":false,"hidden":false,"type":"testDone","time":4255}
{"test":{"id":8,"name":"Coach meal journal concurrent same-operation calls write one item and one durable journal","suiteID":0,"groupIDs":[2,3],"metadata":{"skip":false,"skipReason":null},"line":181,"column":3,"url":"file:///G:/BIL_Project/worktrees/bil-full-preflight-20261011/test/features/nutrition/coach_meal_journal_cases.dart","root_line":34,"root_column":3,"root_url":"file:///G:/BIL_Project/worktrees/bil-full-preflight-20261011/test/features/nutrition/coach_meal_commit_boundary_test.dart"},"type":"testStart","time":4255}
{"testID":8,"result":"success","skipped":false,"hidden":false,"type":"testDone","time":4277}
{"test":{"id":9,"name":"Coach meal journal duplicate Undo and retry after Undo do not reapply or increment revisions","suiteID":0,"groupIDs":[2,3],"metadata":{"skip":false,"skipReason":null},"line":205,"column":3,"url":"file:///G:/BIL_Project/worktrees/bil-full-preflight-20261011/test/features/nutrition/coach_meal_journal_cases.dart","root_line":34,"root_column":3,"root_url":"file:///G:/BIL_Project/worktrees/bil-full-preflight-20261011/test/features/nutrition/coach_meal_commit_boundary_test.dart"},"type":"testStart","time":4278}
{"testID":9,"result":"success","skipped":false,"hidden":false,"type":"testDone","time":4308}
{"test":{"id":10,"name":"Coach meal journal a later quantity edit rejects stale Undo and retry discloses modified state","suiteID":0,"groupIDs":[2,3],"metadata":{"skip":false,"skipReason":null},"line":226,"column":3,"url":"file:///G:/BIL_Project/worktrees/bil-full-preflight-20261011/test/features/nutrition/coach_meal_journal_cases.dart","root_line":34,"root_column":3,"root_url":"file:///G:/BIL_Project/worktrees/bil-full-preflight-20261011/test/features/nutrition/coach_meal_commit_boundary_test.dart"},"type":"testStart","time":4308}
{"testID":10,"result":"success","skipped":false,"hidden":false,"type":"testDone","time":4331}
{"test":{"id":11,"name":"Coach meal journal update delete and move restore immutable snapshots and original positions","suiteID":0,"groupIDs":[2,3],"metadata":{"skip":false,"skipReason":null},"line":247,"column":3,"url":"file:///G:/BIL_Project/worktrees/bil-full-preflight-20261011/test/features/nutrition/coach_meal_journal_cases.dart","root_line":34,"root_column":3,"root_url":"file:///G:/BIL_Project/worktrees/bil-full-preflight-20261011/test/features/nutrition/coach_meal_commit_boundary_test.dart"},"type":"testStart","time":4331}
{"testID":11,"result":"success","skipped":false,"hidden":false,"type":"testDone","time":4386}
{"test":{"id":12,"name":"Coach meal journal stale UUID or revision is rejected before item mutation","suiteID":0,"groupIDs":[2,3],"metadata":{"skip":false,"skipReason":null},"line":310,"column":3,"url":"file:///G:/BIL_Project/worktrees/bil-full-preflight-20261011/test/features/nutrition/coach_meal_journal_cases.dart","root_line":34,"root_column":3,"root_url":"file:///G:/BIL_Project/worktrees/bil-full-preflight-20261011/test/features/nutrition/coach_meal_commit_boundary_test.dart"},"type":"testStart","time":4387}
{"testID":12,"result":"success","skipped":false,"hidden":false,"type":"testDone","time":4406}
{"test":{"id":13,"name":"Coach meal journal closed day blocks all four commands and Undo without changing its ledger","suiteID":0,"groupIDs":[2,3],"metadata":{"skip":false,"skipReason":null},"line":344,"column":3,"url":"file:///G:/BIL_Project/worktrees/bil-full-preflight-20261011/test/features/nutrition/coach_meal_journal_cases.dart","root_line":34,"root_column":3,"root_url":"file:///G:/BIL_Project/worktrees/bil-full-preflight-20261011/test/features/nutrition/coach_meal_commit_boundary_test.dart"},"type":"testStart","time":4406}
{"testID":13,"result":"success","skipped":false,"hidden":false,"type":"testDone","time":4442}
{"test":{"id":14,"name":"Coach meal journal journal write failure rolls back its food, meal and item atomically","suiteID":0,"groupIDs":[2,3],"metadata":{"skip":false,"skipReason":null},"line":395,"column":3,"url":"file:///G:/BIL_Project/worktrees/bil-full-preflight-20261011/test/features/nutrition/coach_meal_journal_cases.dart","root_line":34,"root_column":3,"root_url":"file:///G:/BIL_Project/worktrees/bil-full-preflight-20261011/test/features/nutrition/coach_meal_commit_boundary_test.dart"},"type":"testStart","time":4442}
{"testID":14,"result":"success","skipped":false,"hidden":false,"type":"testDone","time":4458}
{"test":{"id":15,"name":"Coach meal journal Undo journal failure rolls compensation back and preserves original committed rows","suiteID":0,"groupIDs":[2,3],"metadata":{"skip":false,"skipReason":null},"line":426,"column":3,"url":"file:///G:/BIL_Project/worktrees/bil-full-preflight-20261011/test/features/nutrition/coach_meal_journal_cases.dart","root_line":34,"root_column":3,"root_url":"file:///G:/BIL_Project/worktrees/bil-full-preflight-20261011/test/features/nutrition/coach_meal_commit_boundary_test.dart"},"type":"testStart","time":4459}
{"testID":15,"result":"success","skipped":false,"hidden":false,"type":"testDone","time":4482}
{"test":{"id":16,"name":"Coach meal journal nested command arguments are immutable and cannot change the retry digest","suiteID":0,"groupIDs":[2,3],"metadata":{"skip":false,"skipReason":null},"line":451,"column":3,"url":"file:///G:/BIL_Project/worktrees/bil-full-preflight-20261011/test/features/nutrition/coach_meal_journal_cases.dart","root_line":34,"root_column":3,"root_url":"file:///G:/BIL_Project/worktrees/bil-full-preflight-20261011/test/features/nutrition/coach_meal_commit_boundary_test.dart"},"type":"testStart","time":4482}
{"testID":16,"result":"success","skipped":false,"hidden":false,"type":"testDone","time":4498}
{"group":{"id":17,"suiteID":0,"parentID":2,"name":"Coach meal owner atomicity","metadata":{"skip":false,"skipReason":null},"testCount":2,"line":35,"column":3,"url":"file:///G:/BIL_Project/worktrees/bil-full-preflight-20261011/test/features/nutrition/coach_meal_commit_boundary_test.dart"},"type":"group","time":4498}
{"test":{"id":18,"name":"Coach meal owner atomicity different owner and permanently cancelled A B A scope cannot write","suiteID":0,"groupIDs":[2,17],"metadata":{"skip":false,"skipReason":null},"line":4,"column":3,"url":"file:///G:/BIL_Project/worktrees/bil-full-preflight-20261011/test/features/nutrition/coach_meal_owner_atomicity_cases.dart","root_line":35,"root_column":3,"root_url":"file:///G:/BIL_Project/worktrees/bil-full-preflight-20261011/test/features/nutrition/coach_meal_commit_boundary_test.dart"},"type":"testStart","time":4499}
{"testID":18,"result":"success","skipped":false,"hidden":false,"type":"testDone","time":4510}
{"test":{"id":19,"name":"Coach meal owner atomicity owner cancellation at every commit boundary either rolls back or reports a durable commit","suiteID":0,"groupIDs":[2,17],"metadata":{"skip":false,"skipReason":null},"line":39,"column":3,"url":"file:///G:/BIL_Project/worktrees/bil-full-preflight-20261011/test/features/nutrition/coach_meal_owner_atomicity_cases.dart","root_line":35,"root_column":3,"root_url":"file:///G:/BIL_Project/worktrees/bil-full-preflight-20261011/test/features/nutrition/coach_meal_commit_boundary_test.dart"},"type":"testStart","time":4510}
{"testID":19,"result":"success","skipped":false,"hidden":false,"type":"testDone","time":4857}
{"test":{"id":20,"name":"quantity correction scales the logged nutrition after catalog changes","suiteID":0,"groupIDs":[2],"metadata":{"skip":false,"skipReason":null},"line":36,"column":3,"url":"file:///G:/BIL_Project/worktrees/bil-full-preflight-20261011/test/features/nutrition/coach_meal_commit_boundary_test.dart"},"type":"testStart","time":4858}
{"testID":20,"result":"success","skipped":false,"hidden":false,"type":"testDone","time":4875}
{"success":true,"type":"done","time":4914}
