Command: flutter test --no-pub --timeout=3m test/features/nutrition/coach_food_commit_test.dart --reporter=json --concurrency=1

{"protocolVersion":"0.1.1","runnerVersion":"1.31.0","pid":27024,"type":"start","time":0}
{"suite":{"id":0,"platform":"vm","path":"G:/BIL_Project/worktrees/bil-full-preflight-20261011/test/features/nutrition/coach_food_commit_test.dart"},"type":"suite","time":0}
{"test":{"id":1,"name":"loading G:/BIL_Project/worktrees/bil-full-preflight-20261011/test/features/nutrition/coach_food_commit_test.dart","suiteID":0,"groupIDs":[],"metadata":{"skip":false,"skipReason":null},"line":null,"column":null,"url":null},"type":"testStart","time":1}
{"count":1,"time":4,"type":"allSuites"}
{"testID":1,"result":"success","skipped":false,"hidden":true,"type":"testDone","time":3803}
{"group":{"id":2,"suiteID":0,"parentID":null,"name":"","metadata":{"skip":false,"skipReason":null},"testCount":32,"line":null,"column":null,"url":null},"type":"group","time":3807}
{"group":{"id":3,"suiteID":0,"parentID":2,"name":"Food committed storage","metadata":{"skip":false,"skipReason":null},"testCount":12,"line":174,"column":3,"url":"file:///G:/BIL_Project/worktrees/bil-full-preflight-20261011/test/features/nutrition/coach_food_commit_test.dart"},"type":"group","time":3807}
{"test":{"id":4,"name":"Food committed storage modern all-unknown mask0 stays unknown through real ledger and Dashboard","suiteID":0,"groupIDs":[2,3],"metadata":{"skip":false,"skipReason":null},"line":4,"column":3,"url":"file:///G:/BIL_Project/worktrees/bil-full-preflight-20261011/test/features/nutrition/coach_food_evidence_cases.dart","root_line":174,"root_column":3,"root_url":"file:///G:/BIL_Project/worktrees/bil-full-preflight-20261011/test/features/nutrition/coach_food_commit_test.dart"},"type":"testStart","time":3807}
{"testID":4,"result":"success","skipped":false,"hidden":false,"type":"testDone","time":4141}
{"test":{"id":5,"name":"Food committed storage known zero remains different from unknown in full readback and daily totals","suiteID":0,"groupIDs":[2,3],"metadata":{"skip":false,"skipReason":null},"line":35,"column":3,"url":"file:///G:/BIL_Project/worktrees/bil-full-preflight-20261011/test/features/nutrition/coach_food_evidence_cases.dart","root_line":174,"root_column":3,"root_url":"file:///G:/BIL_Project/worktrees/bil-full-preflight-20261011/test/features/nutrition/coach_food_commit_test.dart"},"type":"testStart","time":4141}
{"testID":5,"result":"success","skipped":false,"hidden":false,"type":"testDone","time":4165}
{"test":{"id":6,"name":"Food committed storage lost modern envelope cannot fall back to legacy zero or become a receipt","suiteID":0,"groupIDs":[2,3],"metadata":{"skip":false,"skipReason":null},"line":85,"column":5,"url":"file:///G:/BIL_Project/worktrees/bil-full-preflight-20261011/test/features/nutrition/coach_food_evidence_cases.dart","root_line":174,"root_column":3,"root_url":"file:///G:/BIL_Project/worktrees/bil-full-preflight-20261011/test/features/nutrition/coach_food_commit_test.dart"},"type":"testStart","time":4165}
{"testID":6,"result":"success","skipped":false,"hidden":false,"type":"testDone","time":4213}
{"test":{"id":7,"name":"Food committed storage invalid JSON cannot fall back to legacy zero or become a receipt","suiteID":0,"groupIDs":[2,3],"metadata":{"skip":false,"skipReason":null},"line":85,"column":5,"url":"file:///G:/BIL_Project/worktrees/bil-full-preflight-20261011/test/features/nutrition/coach_food_evidence_cases.dart","root_line":174,"root_column":3,"root_url":"file:///G:/BIL_Project/worktrees/bil-full-preflight-20261011/test/features/nutrition/coach_food_commit_test.dart"},"type":"testStart","time":4213}
{"testID":7,"result":"success","skipped":false,"hidden":false,"type":"testDone","time":4248}
{"test":{"id":8,"name":"Food committed storage unknown schema cannot fall back to legacy zero or become a receipt","suiteID":0,"groupIDs":[2,3],"metadata":{"skip":false,"skipReason":null},"line":85,"column":5,"url":"file:///G:/BIL_Project/worktrees/bil-full-preflight-20261011/test/features/nutrition/coach_food_evidence_cases.dart","root_line":174,"root_column":3,"root_url":"file:///G:/BIL_Project/worktrees/bil-full-preflight-20261011/test/features/nutrition/coach_food_commit_test.dart"},"type":"testStart","time":4248}
{"testID":8,"result":"success","skipped":false,"hidden":false,"type":"testDone","time":4282}
{"test":{"id":9,"name":"Food committed storage changed numeric projection cannot fall back to legacy zero or become a receipt","suiteID":0,"groupIDs":[2,3],"metadata":{"skip":false,"skipReason":null},"line":85,"column":5,"url":"file:///G:/BIL_Project/worktrees/bil-full-preflight-20261011/test/features/nutrition/coach_food_evidence_cases.dart","root_line":174,"root_column":3,"root_url":"file:///G:/BIL_Project/worktrees/bil-full-preflight-20261011/test/features/nutrition/coach_food_commit_test.dart"},"type":"testStart","time":4283}
{"testID":9,"result":"success","skipped":false,"hidden":false,"type":"testDone","time":4314}
{"test":{"id":10,"name":"Food committed storage changed quantity projection cannot fall back to legacy zero or become a receipt","suiteID":0,"groupIDs":[2,3],"metadata":{"skip":false,"skipReason":null},"line":85,"column":5,"url":"file:///G:/BIL_Project/worktrees/bil-full-preflight-20261011/test/features/nutrition/coach_food_evidence_cases.dart","root_line":174,"root_column":3,"root_url":"file:///G:/BIL_Project/worktrees/bil-full-preflight-20261011/test/features/nutrition/coach_food_commit_test.dart"},"type":"testStart","time":4315}
{"testID":10,"result":"success","skipped":false,"hidden":false,"type":"testDone","time":4346}
{"test":{"id":11,"name":"Food committed storage changed evidence mask cannot fall back to legacy zero or become a receipt","suiteID":0,"groupIDs":[2,3],"metadata":{"skip":false,"skipReason":null},"line":85,"column":5,"url":"file:///G:/BIL_Project/worktrees/bil-full-preflight-20261011/test/features/nutrition/coach_food_evidence_cases.dart","root_line":174,"root_column":3,"root_url":"file:///G:/BIL_Project/worktrees/bil-full-preflight-20261011/test/features/nutrition/coach_food_commit_test.dart"},"type":"testStart","time":4346}
{"testID":11,"result":"success","skipped":false,"hidden":false,"type":"testDone","time":4379}
{"test":{"id":12,"name":"Food committed storage unearned verification cannot fall back to legacy zero or become a receipt","suiteID":0,"groupIDs":[2,3],"metadata":{"skip":false,"skipReason":null},"line":85,"column":5,"url":"file:///G:/BIL_Project/worktrees/bil-full-preflight-20261011/test/features/nutrition/coach_food_evidence_cases.dart","root_line":174,"root_column":3,"root_url":"file:///G:/BIL_Project/worktrees/bil-full-preflight-20261011/test/features/nutrition/coach_food_commit_test.dart"},"type":"testStart","time":4380}
{"testID":12,"result":"success","skipped":false,"hidden":false,"type":"testDone","time":4410}
{"test":{"id":13,"name":"Food committed storage lost modern mask0 envelope stays invalid and never becomes known zero","suiteID":0,"groupIDs":[2,3],"metadata":{"skip":false,"skipReason":null},"line":120,"column":3,"url":"file:///G:/BIL_Project/worktrees/bil-full-preflight-20261011/test/features/nutrition/coach_food_evidence_cases.dart","root_line":174,"root_column":3,"root_url":"file:///G:/BIL_Project/worktrees/bil-full-preflight-20261011/test/features/nutrition/coach_food_commit_test.dart"},"type":"testStart","time":4411}
{"testID":13,"result":"success","skipped":false,"hidden":false,"type":"testDone","time":4437}
{"test":{"id":14,"name":"Food committed storage copy day, historical repeat and duplication preserve the full saved snapshot","suiteID":0,"groupIDs":[2,3],"metadata":{"skip":false,"skipReason":null},"line":151,"column":3,"url":"file:///G:/BIL_Project/worktrees/bil-full-preflight-20261011/test/features/nutrition/coach_food_evidence_cases.dart","root_line":174,"root_column":3,"root_url":"file:///G:/BIL_Project/worktrees/bil-full-preflight-20261011/test/features/nutrition/coach_food_commit_test.dart"},"type":"testStart","time":4438}
{"testID":14,"result":"success","skipped":false,"hidden":false,"type":"testDone","time":4472}
{"test":{"id":15,"name":"Food committed storage closed day blocks a new batch without changing existing snapshots","suiteID":0,"groupIDs":[2,3],"metadata":{"skip":false,"skipReason":null},"line":187,"column":3,"url":"file:///G:/BIL_Project/worktrees/bil-full-preflight-20261011/test/features/nutrition/coach_food_evidence_cases.dart","root_line":174,"root_column":3,"root_url":"file:///G:/BIL_Project/worktrees/bil-full-preflight-20261011/test/features/nutrition/coach_food_commit_test.dart"},"type":"testStart","time":4473}
{"testID":15,"result":"success","skipped":false,"hidden":false,"type":"testDone","time":4496}
{"group":{"id":16,"suiteID":0,"parentID":2,"name":"Food operation journal","metadata":{"skip":false,"skipReason":null},"testCount":7,"line":175,"column":3,"url":"file:///G:/BIL_Project/worktrees/bil-full-preflight-20261011/test/features/nutrition/coach_food_commit_test.dart"},"type":"group","time":4497}
{"test":{"id":17,"name":"Food operation journal second-food database failure rolls back foods, items, bucket and journal together","suiteID":0,"groupIDs":[2,16],"metadata":{"skip":false,"skipReason":null},"line":4,"column":3,"url":"file:///G:/BIL_Project/worktrees/bil-full-preflight-20261011/test/features/nutrition/coach_food_journal_cases.dart","root_line":175,"root_column":3,"root_url":"file:///G:/BIL_Project/worktrees/bil-full-preflight-20261011/test/features/nutrition/coach_food_commit_test.dart"},"type":"testStart","time":4497}
{"testID":17,"result":"success","skipped":false,"hidden":false,"type":"testDone","time":4523}
{"test":{"id":18,"name":"Food operation journal unexpected committed nutrient readback rolls back before journal success","suiteID":0,"groupIDs":[2,16],"metadata":{"skip":false,"skipReason":null},"line":31,"column":3,"url":"file:///G:/BIL_Project/worktrees/bil-full-preflight-20261011/test/features/nutrition/coach_food_journal_cases.dart","root_line":175,"root_column":3,"root_url":"file:///G:/BIL_Project/worktrees/bil-full-preflight-20261011/test/features/nutrition/coach_food_commit_test.dart"},"type":"testStart","time":4524}
{"testID":18,"result":"success","skipped":false,"hidden":false,"type":"testDone","time":4538}
{"test":{"id":19,"name":"Food operation journal concurrent same-operation calls create one batch and reject changed arguments","suiteID":0,"groupIDs":[2,16],"metadata":{"skip":false,"skipReason":null},"line":49,"column":3,"url":"file:///G:/BIL_Project/worktrees/bil-full-preflight-20261011/test/features/nutrition/coach_food_journal_cases.dart","root_line":175,"root_column":3,"root_url":"file:///G:/BIL_Project/worktrees/bil-full-preflight-20261011/test/features/nutrition/coach_food_commit_test.dart"},"type":"testStart","time":4538}
{"testID":19,"result":"success","skipped":false,"hidden":false,"type":"testDone","time":4565}
{"test":{"id":20,"name":"Food operation journal batch Undo preserves older meal items and replay never resurrects its foods","suiteID":0,"groupIDs":[2,16],"metadata":{"skip":false,"skipReason":null},"line":68,"column":3,"url":"file:///G:/BIL_Project/worktrees/bil-full-preflight-20261011/test/features/nutrition/coach_food_journal_cases.dart","root_line":175,"root_column":3,"root_url":"file:///G:/BIL_Project/worktrees/bil-full-preflight-20261011/test/features/nutrition/coach_food_commit_test.dart"},"type":"testStart","time":4566}
{"testID":20,"result":"success","skipped":false,"hidden":false,"type":"testDone","time":4614}
{"test":{"id":21,"name":"Food operation journal later quantity edit blocks stale replacement and stale batch Undo","suiteID":0,"groupIDs":[2,16],"metadata":{"skip":false,"skipReason":null},"line":91,"column":3,"url":"file:///G:/BIL_Project/worktrees/bil-full-preflight-20261011/test/features/nutrition/coach_food_journal_cases.dart","root_line":175,"root_column":3,"root_url":"file:///G:/BIL_Project/worktrees/bil-full-preflight-20261011/test/features/nutrition/coach_food_commit_test.dart"},"type":"testStart","time":4614}
{"testID":21,"result":"success","skipped":false,"hidden":false,"type":"testDone","time":4637}
{"test":{"id":22,"name":"Food operation journal fixed per-user source accepts its opaque owner and rejects another user before writes","suiteID":0,"groupIDs":[2,16],"metadata":{"skip":false,"skipReason":null},"line":117,"column":3,"url":"file:///G:/BIL_Project/worktrees/bil-full-preflight-20261011/test/features/nutrition/coach_food_journal_cases.dart","root_line":175,"root_column":3,"root_url":"file:///G:/BIL_Project/worktrees/bil-full-preflight-20261011/test/features/nutrition/coach_food_commit_test.dart"},"type":"testStart","time":4638}
{"testID":22,"result":"success","skipped":false,"hidden":false,"type":"testDone","time":4656}
{"test":{"id":23,"name":"Food operation journal every batch async owner boundary is atomic or reports an already durable commit","suiteID":0,"groupIDs":[2,16],"metadata":{"skip":false,"skipReason":null},"line":141,"column":3,"url":"file:///G:/BIL_Project/worktrees/bil-full-preflight-20261011/test/features/nutrition/coach_food_journal_cases.dart","root_line":175,"root_column":3,"root_url":"file:///G:/BIL_Project/worktrees/bil-full-preflight-20261011/test/features/nutrition/coach_food_commit_test.dart"},"type":"testStart","time":4657}
{"testID":23,"result":"success","skipped":false,"hidden":false,"type":"testDone","time":5235}
{"group":{"id":24,"suiteID":0,"parentID":2,"name":"Food templates","metadata":{"skip":false,"skipReason":null},"testCount":5,"line":176,"column":3,"url":"file:///G:/BIL_Project/worktrees/bil-full-preflight-20261011/test/features/nutrition/coach_food_commit_test.dart"},"type":"group","time":5235}
{"test":{"id":25,"name":"Food templates template preserves all 13 nutrients and provenance after catalog edits","suiteID":0,"groupIDs":[2,24],"metadata":{"skip":false,"skipReason":null},"line":14,"column":3,"url":"file:///G:/BIL_Project/worktrees/bil-full-preflight-20261011/test/features/nutrition/coach_food_template_cases.dart","root_line":176,"root_column":3,"root_url":"file:///G:/BIL_Project/worktrees/bil-full-preflight-20261011/test/features/nutrition/coach_food_commit_test.dart"},"type":"testStart","time":5235}
{"testID":25,"result":"success","skipped":false,"hidden":false,"type":"testDone","time":5260}
{"test":{"id":26,"name":"Food templates template keeps modern all-unknown mask0 unavailable in daily readback","suiteID":0,"groupIDs":[2,24],"metadata":{"skip":false,"skipReason":null},"line":54,"column":3,"url":"file:///G:/BIL_Project/worktrees/bil-full-preflight-20261011/test/features/nutrition/coach_food_template_cases.dart","root_line":176,"root_column":3,"root_url":"file:///G:/BIL_Project/worktrees/bil-full-preflight-20261011/test/features/nutrition/coach_food_commit_test.dart"},"type":"testStart","time":5261}
{"testID":26,"result":"success","skipped":false,"hidden":false,"type":"testDone","time":5278}
{"test":{"id":27,"name":"Food templates corrupted historical evidence cannot become a reusable template","suiteID":0,"groupIDs":[2,24],"metadata":{"skip":false,"skipReason":null},"line":75,"column":3,"url":"file:///G:/BIL_Project/worktrees/bil-full-preflight-20261011/test/features/nutrition/coach_food_template_cases.dart","root_line":176,"root_column":3,"root_url":"file:///G:/BIL_Project/worktrees/bil-full-preflight-20261011/test/features/nutrition/coach_food_commit_test.dart"},"type":"testStart","time":5279}
{"testID":27,"result":"success","skipped":false,"hidden":false,"type":"testDone","time":5293}
{"test":{"id":28,"name":"Food templates another owner cannot instantiate fixed values and leaves no partial meal","suiteID":0,"groupIDs":[2,24],"metadata":{"skip":false,"skipReason":null},"line":93,"column":3,"url":"file:///G:/BIL_Project/worktrees/bil-full-preflight-20261011/test/features/nutrition/coach_food_template_cases.dart","root_line":176,"root_column":3,"root_url":"file:///G:/BIL_Project/worktrees/bil-full-preflight-20261011/test/features/nutrition/coach_food_commit_test.dart"},"type":"testStart","time":5293}
{"testID":28,"messageType":"print","message":"WARNING (drift): It looks like you've created the database class AppDatabase multiple times. When these two databases use the same QueryExecutor, race conditions will occur and might corrupt the database. ","type":"print","time":5318}
{"testID":28,"messageType":"print","message":"Try to follow the advice at https://drift.simonbinder.eu/faq/#using-the-database or, if you know what you're doing, set driftRuntimeOptions.dontWarnAboutMultipleDatabases = true","type":"print","time":5319}
{"testID":28,"messageType":"print","message":"Here is the stacktrace from when the database was opened a second time:","type":"print","time":5319}
{"testID":28,"messageType":"print","message":"#0      GeneratedDatabase._handleInstantiated (package:drift/src/runtime/api/db_base.dart:96:30)","type":"print","time":5319}
{"testID":28,"messageType":"print","message":"#1      GeneratedDatabase._whenConstructed (package:drift/src/runtime/api/db_base.dart:73:12)","type":"print","time":5319}
{"testID":28,"messageType":"print","message":"#2      new GeneratedDatabase (package:drift/src/runtime/api/db_base.dart:64:5)","type":"print","time":5319}
{"testID":28,"messageType":"print","message":"#3      new _$AppDatabase (package:body_intelligence_log/data/database/app_database.g.dart:14689:36)","type":"print","time":5319}
{"testID":28,"messageType":"print","message":"#4      new AppDatabase.forTesting (package:body_intelligence_log/data/database/app_database.dart)","type":"print","time":5319}
{"testID":28,"messageType":"print","message":"#5      _foodTemplateCases.<anonymous closure> (file:///G:/BIL_Project/worktrees/bil-full-preflight-20261011/test/features/nutrition/coach_food_template_cases.dart:101:33)","type":"print","time":5319}
{"testID":28,"messageType":"print","message":"<asynchronous suspension>","type":"print","time":5319}
{"testID":28,"messageType":"print","message":"#6      Declarer.test.<anonymous closure>.<anonymous closure> (package:test_api/src/backend/declarer.dart:253:15)","type":"print","time":5320}
{"testID":28,"messageType":"print","message":"<asynchronous suspension>","type":"print","time":5320}
{"testID":28,"messageType":"print","message":"#7      Declarer.test.<anonymous closure> (package:test_api/src/backend/declarer.dart:250:11)","type":"print","time":5320}
{"testID":28,"messageType":"print","message":"<asynchronous suspension>","type":"print","time":5320}
{"testID":28,"messageType":"print","message":"#8      Invoker._waitForOutstandingCallbacks.<anonymous closure> (package:test_api/src/backend/invoker.dart:318:9)","type":"print","time":5320}
{"testID":28,"messageType":"print","message":"<asynchronous suspension>","type":"print","time":5321}
{"testID":28,"messageType":"print","message":"This warning will only appear on debug builds.","type":"print","time":5321}
{"testID":28,"result":"success","skipped":false,"hidden":false,"type":"testDone","time":5322}
{"test":{"id":29,"name":"Food templates template detects a corrupted inserted projection and rolls back the batch","suiteID":0,"groupIDs":[2,24],"metadata":{"skip":false,"skipReason":null},"line":122,"column":3,"url":"file:///G:/BIL_Project/worktrees/bil-full-preflight-20261011/test/features/nutrition/coach_food_template_cases.dart","root_line":176,"root_column":3,"root_url":"file:///G:/BIL_Project/worktrees/bil-full-preflight-20261011/test/features/nutrition/coach_food_commit_test.dart"},"type":"testStart","time":5322}
{"testID":29,"result":"success","skipped":false,"hidden":false,"type":"testDone","time":5343}
{"group":{"id":30,"suiteID":0,"parentID":2,"name":"Food reselection","metadata":{"skip":false,"skipReason":null},"testCount":5,"line":177,"column":3,"url":"file:///G:/BIL_Project/worktrees/bil-full-preflight-20261011/test/features/nutrition/coach_food_commit_test.dart"},"type":"group","time":5344}
{"test":{"id":31,"name":"Food reselection ordinary diary selection keeps thirteen nutrients and source evidence","suiteID":0,"groupIDs":[2,30],"metadata":{"skip":false,"skipReason":null},"line":5,"column":3,"url":"file:///G:/BIL_Project/worktrees/bil-full-preflight-20261011/test/features/nutrition/coach_food_reselection_cases.dart","root_line":177,"root_column":3,"root_url":"file:///G:/BIL_Project/worktrees/bil-full-preflight-20261011/test/features/nutrition/coach_food_commit_test.dart"},"type":"testStart","time":5344}
{"testID":31,"result":"success","skipped":false,"hidden":false,"type":"testDone","time":5365}
{"test":{"id":32,"name":"Food reselection meal builder keeps an unknown food alongside a known zero food","suiteID":0,"groupIDs":[2,30],"metadata":{"skip":false,"skipReason":null},"line":40,"column":3,"url":"file:///G:/BIL_Project/worktrees/bil-full-preflight-20261011/test/features/nutrition/coach_food_reselection_cases.dart","root_line":177,"root_column":3,"root_url":"file:///G:/BIL_Project/worktrees/bil-full-preflight-20261011/test/features/nutrition/coach_food_commit_test.dart"},"type":"testStart","time":5365}
{"testID":32,"result":"success","skipped":false,"hidden":false,"type":"testDone","time":5388}
{"test":{"id":33,"name":"Food reselection invalid catalog basis cannot be reselected as legacy numeric nutrition","suiteID":0,"groupIDs":[2,30],"metadata":{"skip":false,"skipReason":null},"line":82,"column":3,"url":"file:///G:/BIL_Project/worktrees/bil-full-preflight-20261011/test/features/nutrition/coach_food_reselection_cases.dart","root_line":177,"root_column":3,"root_url":"file:///G:/BIL_Project/worktrees/bil-full-preflight-20261011/test/features/nutrition/coach_food_commit_test.dart"},"type":"testStart","time":5388}
{"testID":33,"result":"success","skipped":false,"hidden":false,"type":"testDone","time":5405}
{"test":{"id":34,"name":"Food reselection readback corruption rolls back ordinary Food V2 reselection","suiteID":0,"groupIDs":[2,30],"metadata":{"skip":false,"skipReason":null},"line":105,"column":3,"url":"file:///G:/BIL_Project/worktrees/bil-full-preflight-20261011/test/features/nutrition/coach_food_reselection_cases.dart","root_line":177,"root_column":3,"root_url":"file:///G:/BIL_Project/worktrees/bil-full-preflight-20261011/test/features/nutrition/coach_food_commit_test.dart"},"type":"testStart","time":5405}
{"testID":34,"result":"success","skipped":false,"hidden":false,"type":"testDone","time":5421}
{"test":{"id":35,"name":"Food reselection foreign fixed-owner basis cannot be reselected or counted by the ledger","suiteID":0,"groupIDs":[2,30],"metadata":{"skip":false,"skipReason":null},"line":126,"column":3,"url":"file:///G:/BIL_Project/worktrees/bil-full-preflight-20261011/test/features/nutrition/coach_food_reselection_cases.dart","root_line":177,"root_column":3,"root_url":"file:///G:/BIL_Project/worktrees/bil-full-preflight-20261011/test/features/nutrition/coach_food_commit_test.dart"},"type":"testStart","time":5421}
{"testID":35,"messageType":"print","message":"WARNING (drift): It looks like you've created the database class AppDatabase multiple times. When these two databases use the same QueryExecutor, race conditions will occur and might corrupt the database. ","type":"print","time":5446}
{"testID":35,"messageType":"print","message":"Try to follow the advice at https://drift.simonbinder.eu/faq/#using-the-database or, if you know what you're doing, set driftRuntimeOptions.dontWarnAboutMultipleDatabases = true","type":"print","time":5446}
{"testID":35,"messageType":"print","message":"Here is the stacktrace from when the database was opened a second time:","type":"print","time":5446}
{"testID":35,"messageType":"print","message":"#0      GeneratedDatabase._handleInstantiated (package:drift/src/runtime/api/db_base.dart:96:30)","type":"print","time":5446}
{"testID":35,"messageType":"print","message":"#1      GeneratedDatabase._whenConstructed (package:drift/src/runtime/api/db_base.dart:73:12)","type":"print","time":5446}
{"testID":35,"messageType":"print","message":"#2      new GeneratedDatabase (package:drift/src/runtime/api/db_base.dart:64:5)","type":"print","time":5447}
{"testID":35,"messageType":"print","message":"#3      new _$AppDatabase (package:body_intelligence_log/data/database/app_database.g.dart:14689:36)","type":"print","time":5447}
{"testID":35,"messageType":"print","message":"#4      new AppDatabase.forTesting (package:body_intelligence_log/data/database/app_database.dart)","type":"print","time":5447}
{"testID":35,"messageType":"print","message":"#5      _foodReselectionCases.<anonymous closure> (file:///G:/BIL_Project/worktrees/bil-full-preflight-20261011/test/features/nutrition/coach_food_reselection_cases.dart:133:33)","type":"print","time":5447}
{"testID":35,"messageType":"print","message":"<asynchronous suspension>","type":"print","time":5448}
{"testID":35,"messageType":"print","message":"#6      Declarer.test.<anonymous closure>.<anonymous closure> (package:test_api/src/backend/declarer.dart:253:15)","type":"print","time":5448}
{"testID":35,"messageType":"print","message":"<asynchronous suspension>","type":"print","time":5448}
{"testID":35,"messageType":"print","message":"#7      Declarer.test.<anonymous closure> (package:test_api/src/backend/declarer.dart:250:11)","type":"print","time":5448}
{"testID":35,"messageType":"print","message":"<asynchronous suspension>","type":"print","time":5448}
{"testID":35,"messageType":"print","message":"#8      Invoker._waitForOutstandingCallbacks.<anonymous closure> (package:test_api/src/backend/invoker.dart:318:9)","type":"print","time":5449}
{"testID":35,"messageType":"print","message":"<asynchronous suspension>","type":"print","time":5449}
{"testID":35,"messageType":"print","message":"This warning will only appear on debug builds.","type":"print","time":5449}
{"testID":35,"result":"success","skipped":false,"hidden":false,"type":"testDone","time":5449}
{"test":{"id":36,"name":"four foods commit complete immutable evidence and replay after repository recreation","suiteID":0,"groupIDs":[2],"metadata":{"skip":false,"skipReason":null},"line":179,"column":3,"url":"file:///G:/BIL_Project/worktrees/bil-full-preflight-20261011/test/features/nutrition/coach_food_commit_test.dart"},"type":"testStart","time":5450}
{"testID":36,"result":"success","skipped":false,"hidden":false,"type":"testDone","time":5485}
{"test":{"id":37,"name":"quantity uses original thirteen-nutrient basis after catalog changes","suiteID":0,"groupIDs":[2],"metadata":{"skip":false,"skipReason":null},"line":221,"column":3,"url":"file:///G:/BIL_Project/worktrees/bil-full-preflight-20261011/test/features/nutrition/coach_food_commit_test.dart"},"type":"testStart","time":5485}
{"testID":37,"result":"success","skipped":false,"hidden":false,"type":"testDone","time":5513}
{"test":{"id":38,"name":"replacement changes the existing entry and Undo restores full prior evidence","suiteID":0,"groupIDs":[2],"metadata":{"skip":false,"skipReason":null},"line":265,"column":3,"url":"file:///G:/BIL_Project/worktrees/bil-full-preflight-20261011/test/features/nutrition/coach_food_commit_test.dart"},"type":"testStart","time":5514}
{"testID":38,"result":"success","skipped":false,"hidden":false,"type":"testDone","time":5541}
{"success":true,"type":"done","time":5584}
