Command: flutter test --no-pub --timeout=3m test/features/community/community_chat_auth_session_test.dart --reporter=json --concurrency=1

{"protocolVersion":"0.1.1","runnerVersion":"1.31.0","pid":2016,"type":"start","time":0}
{"suite":{"id":0,"platform":"vm","path":"G:/BIL_Project/worktrees/bil-full-preflight-20261011/test/features/community/community_chat_auth_session_test.dart"},"type":"suite","time":0}
{"test":{"id":1,"name":"loading G:/BIL_Project/worktrees/bil-full-preflight-20261011/test/features/community/community_chat_auth_session_test.dart","suiteID":0,"groupIDs":[],"metadata":{"skip":false,"skipReason":null},"line":null,"column":null,"url":null},"type":"testStart","time":1}
{"count":1,"time":5,"type":"allSuites"}
{"testID":1,"result":"success","skipped":false,"hidden":true,"type":"testDone","time":4368}
{"group":{"id":2,"suiteID":0,"parentID":null,"name":"","metadata":{"skip":false,"skipReason":null},"testCount":46,"line":null,"column":null,"url":null},"type":"group","time":4370}
{"test":{"id":3,"name":"repository policy await cannot insert after A-B","suiteID":0,"groupIDs":[2],"metadata":{"skip":false,"skipReason":null},"line":44,"column":5,"url":"file:///G:/BIL_Project/worktrees/bil-full-preflight-20261011/test/features/community/community_chat_repository_cases.dart","root_line":231,"root_column":3,"root_url":"file:///G:/BIL_Project/worktrees/bil-full-preflight-20261011/test/features/community/community_chat_auth_session_test.dart"},"type":"testStart","time":4370}
{"testID":3,"result":"success","skipped":false,"hidden":false,"type":"testDone","time":4607}
{"test":{"id":4,"name":"repository policy await cannot insert after queued A-B-A","suiteID":0,"groupIDs":[2],"metadata":{"skip":false,"skipReason":null},"line":44,"column":5,"url":"file:///G:/BIL_Project/worktrees/bil-full-preflight-20261011/test/features/community/community_chat_repository_cases.dart","root_line":231,"root_column":3,"root_url":"file:///G:/BIL_Project/worktrees/bil-full-preflight-20261011/test/features/community/community_chat_auth_session_test.dart"},"type":"testStart","time":4608}
{"testID":4,"result":"success","skipped":false,"hidden":false,"type":"testDone","time":4615}
{"test":{"id":5,"name":"repository Unicode limit matches actual PostgreSQL 2000 code points","suiteID":0,"groupIDs":[2],"metadata":{"skip":false,"skipReason":null},"line":72,"column":3,"url":"file:///G:/BIL_Project/worktrees/bil-full-preflight-20261011/test/features/community/community_chat_repository_cases.dart","root_line":231,"root_column":3,"root_url":"file:///G:/BIL_Project/worktrees/bil-full-preflight-20261011/test/features/community/community_chat_auth_session_test.dart"},"type":"testStart","time":4615}
{"testID":5,"result":"success","skipped":false,"hidden":false,"type":"testDone","time":4643}
{"test":{"id":6,"name":"message latest query is bounded and tie ordered, while returned transcript is chronological","suiteID":0,"groupIDs":[2],"metadata":{"skip":false,"skipReason":null},"line":93,"column":3,"url":"file:///G:/BIL_Project/worktrees/bil-full-preflight-20261011/test/features/community/community_chat_repository_cases.dart","root_line":231,"root_column":3,"root_url":"file:///G:/BIL_Project/worktrees/bil-full-preflight-20261011/test/features/community/community_chat_auth_session_test.dart"},"type":"testStart","time":4643}
{"testID":6,"result":"success","skipped":false,"hidden":false,"type":"testDone","time":4659}
{"test":{"id":7,"name":"older page carries time and UUID cursor in each conversation direction","suiteID":0,"groupIDs":[2],"metadata":{"skip":false,"skipReason":null},"line":117,"column":3,"url":"file:///G:/BIL_Project/worktrees/bil-full-preflight-20261011/test/features/community/community_chat_repository_cases.dart","root_line":231,"root_column":3,"root_url":"file:///G:/BIL_Project/worktrees/bil-full-preflight-20261011/test/features/community/community_chat_auth_session_test.dart"},"type":"testStart","time":4659}
{"testID":7,"result":"success","skipped":false,"hidden":false,"type":"testDone","time":4669}
{"test":{"id":8,"name":"readback returns exact incoming server-read IDs without promoting null rows","suiteID":0,"groupIDs":[2],"metadata":{"skip":false,"skipReason":null},"line":137,"column":3,"url":"file:///G:/BIL_Project/worktrees/bil-full-preflight-20261011/test/features/community/community_chat_repository_cases.dart","root_line":231,"root_column":3,"root_url":"file:///G:/BIL_Project/worktrees/bil-full-preflight-20261011/test/features/community/community_chat_auth_session_test.dart"},"type":"testStart","time":4669}
{"testID":8,"result":"success","skipped":false,"hidden":false,"type":"testDone","time":4678}
{"test":{"id":9,"name":"readback rejects another owner or conversation even if ID matches","suiteID":0,"groupIDs":[2],"metadata":{"skip":false,"skipReason":null},"line":159,"column":3,"url":"file:///G:/BIL_Project/worktrees/bil-full-preflight-20261011/test/features/community/community_chat_repository_cases.dart","root_line":231,"root_column":3,"root_url":"file:///G:/BIL_Project/worktrees/bil-full-preflight-20261011/test/features/community/community_chat_auth_session_test.dart"},"type":"testStart","time":4678}
{"testID":9,"result":"success","skipped":false,"hidden":false,"type":"testDone","time":4684}
{"test":{"id":10,"name":"transcript rejects an unrelated peer row rather than mixing private data","suiteID":0,"groupIDs":[2],"metadata":{"skip":false,"skipReason":null},"line":174,"column":3,"url":"file:///G:/BIL_Project/worktrees/bil-full-preflight-20261011/test/features/community/community_chat_repository_cases.dart","root_line":231,"root_column":3,"root_url":"file:///G:/BIL_Project/worktrees/bil-full-preflight-20261011/test/features/community/community_chat_auth_session_test.dart"},"type":"testStart","time":4685}
{"testID":10,"result":"success","skipped":false,"hidden":false,"type":"testDone","time":4691}
{"test":{"id":11,"name":"inbox entry retires private content on real A-B","suiteID":0,"groupIDs":[2],"metadata":{"skip":false,"skipReason":null},"line":174,"column":5,"url":"package:flutter_test/src/widget_tester.dart","root_line":186,"root_column":5,"root_url":"file:///G:/BIL_Project/worktrees/bil-full-preflight-20261011/test/features/community/community_chat_auth_session_test.dart"},"type":"testStart","time":4691}
{"testID":11,"result":"success","skipped":false,"hidden":false,"type":"testDone","time":5565}
{"test":{"id":12,"name":"inbox entry retires private content on real A-B-A","suiteID":0,"groupIDs":[2],"metadata":{"skip":false,"skipReason":null},"line":174,"column":5,"url":"package:flutter_test/src/widget_tester.dart","root_line":186,"root_column":5,"root_url":"file:///G:/BIL_Project/worktrees/bil-full-preflight-20261011/test/features/community/community_chat_auth_session_test.dart"},"type":"testStart","time":5565}
{"testID":12,"result":"success","skipped":false,"hidden":false,"type":"testDone","time":5646}
{"test":{"id":13,"name":"new entry retires private content on real A-B","suiteID":0,"groupIDs":[2],"metadata":{"skip":false,"skipReason":null},"line":174,"column":5,"url":"package:flutter_test/src/widget_tester.dart","root_line":186,"root_column":5,"root_url":"file:///G:/BIL_Project/worktrees/bil-full-preflight-20261011/test/features/community/community_chat_auth_session_test.dart"},"type":"testStart","time":5647}
{"testID":13,"result":"success","skipped":false,"hidden":false,"type":"testDone","time":6148}
{"test":{"id":14,"name":"new entry retires private content on real A-B-A","suiteID":0,"groupIDs":[2],"metadata":{"skip":false,"skipReason":null},"line":174,"column":5,"url":"package:flutter_test/src/widget_tester.dart","root_line":186,"root_column":5,"root_url":"file:///G:/BIL_Project/worktrees/bil-full-preflight-20261011/test/features/community/community_chat_auth_session_test.dart"},"type":"testStart","time":6149}
{"testID":14,"result":"success","skipped":false,"hidden":false,"type":"testDone","time":6367}
{"test":{"id":15,"name":"pending inbox cannot paint after queued owner replacement","suiteID":0,"groupIDs":[2],"metadata":{"skip":false,"skipReason":null},"line":174,"column":5,"url":"package:flutter_test/src/widget_tester.dart","root_line":186,"root_column":5,"root_url":"file:///G:/BIL_Project/worktrees/bil-full-preflight-20261011/test/features/community/community_chat_auth_session_test.dart"},"type":"testStart","time":6367}
{"testID":15,"result":"success","skipped":false,"hidden":false,"type":"testDone","time":6426}
{"test":{"id":16,"name":"new message keeps subject and body when total envelope exceeds server limit","suiteID":0,"groupIDs":[2],"metadata":{"skip":false,"skipReason":null},"line":174,"column":5,"url":"package:flutter_test/src/widget_tester.dart","root_line":186,"root_column":5,"root_url":"file:///G:/BIL_Project/worktrees/bil-full-preflight-20261011/test/features/community/community_chat_auth_session_test.dart"},"type":"testStart","time":6426}
{"testID":16,"result":"success","skipped":false,"hidden":false,"type":"testDone","time":6671}
{"test":{"id":17,"name":"new message never clips a long subject or body","suiteID":0,"groupIDs":[2],"metadata":{"skip":false,"skipReason":null},"line":174,"column":5,"url":"package:flutter_test/src/widget_tester.dart","root_line":186,"root_column":5,"root_url":"file:///G:/BIL_Project/worktrees/bil-full-preflight-20261011/test/features/community/community_chat_auth_session_test.dart"},"type":"testStart","time":6672}
{"testID":17,"result":"success","skipped":false,"hidden":false,"type":"testDone","time":6894}
{"test":{"id":18,"name":"chat cold root has a safe dashboard return","suiteID":0,"groupIDs":[2],"metadata":{"skip":false,"skipReason":null},"line":174,"column":5,"url":"package:flutter_test/src/widget_tester.dart","root_line":186,"root_column":5,"root_url":"file:///G:/BIL_Project/worktrees/bil-full-preflight-20261011/test/features/community/community_chat_auth_session_test.dart"},"type":"testStart","time":6894}
{"testID":18,"result":"success","skipped":false,"hidden":false,"type":"testDone","time":7244}
{"test":{"id":19,"name":"inbox cold root has a safe dashboard return","suiteID":0,"groupIDs":[2],"metadata":{"skip":false,"skipReason":null},"line":174,"column":5,"url":"package:flutter_test/src/widget_tester.dart","root_line":186,"root_column":5,"root_url":"file:///G:/BIL_Project/worktrees/bil-full-preflight-20261011/test/features/community/community_chat_auth_session_test.dart"},"type":"testStart","time":7244}
{"testID":19,"result":"success","skipped":false,"hidden":false,"type":"testDone","time":7338}
{"test":{"id":20,"name":"new cold root has a safe dashboard return","suiteID":0,"groupIDs":[2],"metadata":{"skip":false,"skipReason":null},"line":174,"column":5,"url":"package:flutter_test/src/widget_tester.dart","root_line":186,"root_column":5,"root_url":"file:///G:/BIL_Project/worktrees/bil-full-preflight-20261011/test/features/community/community_chat_auth_session_test.dart"},"type":"testStart","time":7338}
{"testID":20,"result":"success","skipped":false,"hidden":false,"type":"testDone","time":7475}
{"test":{"id":21,"name":"both inbox errors are observed and each tab can explicitly retry","suiteID":0,"groupIDs":[2],"metadata":{"skip":false,"skipReason":null},"line":174,"column":5,"url":"package:flutter_test/src/widget_tester.dart","root_line":186,"root_column":5,"root_url":"file:///G:/BIL_Project/worktrees/bil-full-preflight-20261011/test/features/community/community_chat_auth_session_test.dart"},"type":"testStart","time":7475}
{"testID":21,"result":"success","skipped":false,"hidden":false,"type":"testDone","time":7627}
{"test":{"id":22,"name":"failed new message keeps original subject body and recipient for one explicit retry","suiteID":0,"groupIDs":[2],"metadata":{"skip":false,"skipReason":null},"line":174,"column":5,"url":"package:flutter_test/src/widget_tester.dart","root_line":186,"root_column":5,"root_url":"file:///G:/BIL_Project/worktrees/bil-full-preflight-20261011/test/features/community/community_chat_auth_session_test.dart"},"type":"testStart","time":7628}
{"testID":22,"result":"success","skipped":false,"hidden":false,"type":"testDone","time":7888}
{"test":{"id":23,"name":"inbox repository replacement rejects old private cached state","suiteID":0,"groupIDs":[2],"metadata":{"skip":false,"skipReason":null},"line":174,"column":5,"url":"package:flutter_test/src/widget_tester.dart","root_line":186,"root_column":5,"root_url":"file:///G:/BIL_Project/worktrees/bil-full-preflight-20261011/test/features/community/community_chat_auth_session_test.dart"},"type":"testStart","time":7888}
{"testID":23,"result":"success","skipped":false,"hidden":false,"type":"testDone","time":7959}
{"test":{"id":24,"name":"new repository replacement rejects old private cached state","suiteID":0,"groupIDs":[2],"metadata":{"skip":false,"skipReason":null},"line":174,"column":5,"url":"package:flutter_test/src/widget_tester.dart","root_line":186,"root_column":5,"root_url":"file:///G:/BIL_Project/worktrees/bil-full-preflight-20261011/test/features/community/community_chat_auth_session_test.dart"},"type":"testStart","time":7960}
{"testID":24,"result":"success","skipped":false,"hidden":false,"type":"testDone","time":8157}
{"test":{"id":25,"name":"an open policy sheet cannot accept for a retired message owner","suiteID":0,"groupIDs":[2],"metadata":{"skip":false,"skipReason":null},"line":174,"column":5,"url":"package:flutter_test/src/widget_tester.dart","root_line":186,"root_column":5,"root_url":"file:///G:/BIL_Project/worktrees/bil-full-preflight-20261011/test/features/community/community_chat_auth_session_test.dart"},"type":"testStart","time":8158}
{"testID":25,"result":"success","skipped":false,"hidden":false,"type":"testDone","time":8488}
{"test":{"id":26,"name":"inbox owner switch after message read prevents the follow-up public-profile query","suiteID":0,"groupIDs":[2],"metadata":{"skip":false,"skipReason":null},"line":188,"column":3,"url":"file:///G:/BIL_Project/worktrees/bil-full-preflight-20261011/test/features/community/community_message_retry_cases.dart","root_line":233,"root_column":3,"root_url":"file:///G:/BIL_Project/worktrees/bil-full-preflight-20261011/test/features/community/community_chat_auth_session_test.dart"},"type":"testStart","time":8489}
{"testID":26,"result":"success","skipped":false,"hidden":false,"type":"testDone","time":8495}
{"test":{"id":27,"name":"covering a chat discards dwell and restarts it after uncovering","suiteID":0,"groupIDs":[2],"metadata":{"skip":false,"skipReason":null},"line":174,"column":5,"url":"package:flutter_test/src/widget_tester.dart","root_line":186,"root_column":5,"root_url":"file:///G:/BIL_Project/worktrees/bil-full-preflight-20261011/test/features/community/community_chat_auth_session_test.dart"},"type":"testStart","time":8495}
{"testID":27,"result":"success","skipped":false,"hidden":false,"type":"testDone","time":8597}
{"test":{"id":28,"name":"partial readback does not acknowledge the missing message","suiteID":0,"groupIDs":[2],"metadata":{"skip":false,"skipReason":null},"line":174,"column":5,"url":"package:flutter_test/src/widget_tester.dart","root_line":186,"root_column":5,"root_url":"file:///G:/BIL_Project/worktrees/bil-full-preflight-20261011/test/features/community/community_chat_auth_session_test.dart"},"type":"testStart","time":8597}
{"testID":28,"result":"success","skipped":false,"hidden":false,"type":"testDone","time":8739}
{"test":{"id":29,"name":"owner changes during write stop readback and later acknowledgement","suiteID":0,"groupIDs":[2],"metadata":{"skip":false,"skipReason":null},"line":174,"column":5,"url":"package:flutter_test/src/widget_tester.dart","root_line":186,"root_column":5,"root_url":"file:///G:/BIL_Project/worktrees/bil-full-preflight-20261011/test/features/community/community_chat_auth_session_test.dart"},"type":"testStart","time":8739}
{"testID":29,"result":"success","skipped":false,"hidden":false,"type":"testDone","time":8830}
{"test":{"id":30,"name":"a new visible row entering during a read write is not lost","suiteID":0,"groupIDs":[2],"metadata":{"skip":false,"skipReason":null},"line":174,"column":5,"url":"package:flutter_test/src/widget_tester.dart","root_line":186,"root_column":5,"root_url":"file:///G:/BIL_Project/worktrees/bil-full-preflight-20261011/test/features/community/community_chat_auth_session_test.dart"},"type":"testStart","time":8831}
{"testID":30,"result":"success","skipped":false,"hidden":false,"type":"testDone","time":8919}
{"test":{"id":31,"name":"failed older page keeps transcript and retries the identical cursor","suiteID":0,"groupIDs":[2],"metadata":{"skip":false,"skipReason":null},"line":174,"column":5,"url":"package:flutter_test/src/widget_tester.dart","root_line":186,"root_column":5,"root_url":"file:///G:/BIL_Project/worktrees/bil-full-preflight-20261011/test/features/community/community_chat_auth_session_test.dart"},"type":"testStart","time":8919}
{"testID":31,"result":"success","skipped":false,"hidden":false,"type":"testDone","time":9361}
{"test":{"id":32,"name":"a pending send cannot clear or reload a replacement peer draft","suiteID":0,"groupIDs":[2],"metadata":{"skip":false,"skipReason":null},"line":174,"column":5,"url":"package:flutter_test/src/widget_tester.dart","root_line":186,"root_column":5,"root_url":"file:///G:/BIL_Project/worktrees/bil-full-preflight-20261011/test/features/community/community_chat_auth_session_test.dart"},"type":"testStart","time":9361}
{"testID":32,"result":"success","skipped":false,"hidden":false,"type":"testDone","time":9511}
{"test":{"id":33,"name":"an emoji menu from a retired peer cannot insert into the new draft","suiteID":0,"groupIDs":[2],"metadata":{"skip":false,"skipReason":null},"line":174,"column":5,"url":"package:flutter_test/src/widget_tester.dart","root_line":186,"root_column":5,"root_url":"file:///G:/BIL_Project/worktrees/bil-full-preflight-20261011/test/features/community/community_chat_auth_session_test.dart"},"type":"testStart","time":9511}
{"testID":33,"result":"success","skipped":false,"hidden":false,"type":"testDone","time":9680}
{"test":{"id":34,"name":"realtime failure retains transcript input and older-reading position through retry","suiteID":0,"groupIDs":[2],"metadata":{"skip":false,"skipReason":null},"line":174,"column":5,"url":"package:flutter_test/src/widget_tester.dart","root_line":186,"root_column":5,"root_url":"file:///G:/BIL_Project/worktrees/bil-full-preflight-20261011/test/features/community/community_chat_auth_session_test.dart"},"type":"testStart","time":9681}
{"testID":34,"result":"success","skipped":false,"hidden":false,"type":"testDone","time":10071}
{"test":{"id":35,"name":"new realtime row still needs its own complete dwell after an earlier write finishes","suiteID":0,"groupIDs":[2],"metadata":{"skip":false,"skipReason":null},"line":174,"column":5,"url":"package:flutter_test/src/widget_tester.dart","root_line":186,"root_column":5,"root_url":"file:///G:/BIL_Project/worktrees/bil-full-preflight-20261011/test/features/community/community_chat_auth_session_test.dart"},"type":"testStart","time":10071}
{"testID":35,"result":"success","skipped":false,"hidden":false,"type":"testDone","time":10152}
{"test":{"id":36,"name":"2000 astral codepoints send intact with the codepoint counter","suiteID":0,"groupIDs":[2],"metadata":{"skip":false,"skipReason":null},"line":174,"column":5,"url":"package:flutter_test/src/widget_tester.dart","root_line":186,"root_column":5,"root_url":"file:///G:/BIL_Project/worktrees/bil-full-preflight-20261011/test/features/community/community_chat_auth_session_test.dart"},"type":"testStart","time":10153}
{"testID":36,"result":"success","skipped":false,"hidden":false,"type":"testDone","time":10287}
{"test":{"id":37,"name":"private transcript and draft retire on real A-B","suiteID":0,"groupIDs":[2],"metadata":{"skip":false,"skipReason":null},"line":174,"column":5,"url":"package:flutter_test/src/widget_tester.dart","root_line":186,"root_column":5,"root_url":"file:///G:/BIL_Project/worktrees/bil-full-preflight-20261011/test/features/community/community_chat_auth_session_test.dart"},"type":"testStart","time":10287}
{"testID":37,"result":"success","skipped":false,"hidden":false,"type":"testDone","time":10349}
{"test":{"id":38,"name":"pending transcript cannot paint after real A-B","suiteID":0,"groupIDs":[2],"metadata":{"skip":false,"skipReason":null},"line":174,"column":5,"url":"package:flutter_test/src/widget_tester.dart","root_line":186,"root_column":5,"root_url":"file:///G:/BIL_Project/worktrees/bil-full-preflight-20261011/test/features/community/community_chat_auth_session_test.dart"},"type":"testStart","time":10350}
{"testID":38,"result":"success","skipped":false,"hidden":false,"type":"testDone","time":10398}
{"test":{"id":39,"name":"private transcript and draft retire on real queued A-B-A","suiteID":0,"groupIDs":[2],"metadata":{"skip":false,"skipReason":null},"line":174,"column":5,"url":"package:flutter_test/src/widget_tester.dart","root_line":186,"root_column":5,"root_url":"file:///G:/BIL_Project/worktrees/bil-full-preflight-20261011/test/features/community/community_chat_auth_session_test.dart"},"type":"testStart","time":10398}
{"testID":39,"result":"success","skipped":false,"hidden":false,"type":"testDone","time":10466}
{"test":{"id":40,"name":"pending transcript cannot paint after real queued A-B-A","suiteID":0,"groupIDs":[2],"metadata":{"skip":false,"skipReason":null},"line":174,"column":5,"url":"package:flutter_test/src/widget_tester.dart","root_line":186,"root_column":5,"root_url":"file:///G:/BIL_Project/worktrees/bil-full-preflight-20261011/test/features/community/community_chat_auth_session_test.dart"},"type":"testStart","time":10467}
{"testID":40,"result":"success","skipped":false,"hidden":false,"type":"testDone","time":10517}
{"test":{"id":41,"name":"peer replacement clears private draft and rejects late load","suiteID":0,"groupIDs":[2],"metadata":{"skip":false,"skipReason":null},"line":174,"column":5,"url":"package:flutter_test/src/widget_tester.dart","root_line":186,"root_column":5,"root_url":"file:///G:/BIL_Project/worktrees/bil-full-preflight-20261011/test/features/community/community_chat_auth_session_test.dart"},"type":"testStart","time":10517}
{"testID":41,"result":"success","skipped":false,"hidden":false,"type":"testDone","time":10644}
{"test":{"id":42,"name":"repository replacement clears private draft and rejects late load","suiteID":0,"groupIDs":[2],"metadata":{"skip":false,"skipReason":null},"line":174,"column":5,"url":"package:flutter_test/src/widget_tester.dart","root_line":186,"root_column":5,"root_url":"file:///G:/BIL_Project/worktrees/bil-full-preflight-20261011/test/features/community/community_chat_auth_session_test.dart"},"type":"testStart","time":10645}
{"testID":42,"result":"success","skipped":false,"hidden":false,"type":"testDone","time":10735}
{"test":{"id":43,"name":"same-owner refresh retains input and visible private transcript","suiteID":0,"groupIDs":[2],"metadata":{"skip":false,"skipReason":null},"line":174,"column":5,"url":"package:flutter_test/src/widget_tester.dart","root_line":186,"root_column":5,"root_url":"file:///G:/BIL_Project/worktrees/bil-full-preflight-20261011/test/features/community/community_chat_auth_session_test.dart"},"type":"testStart","time":10736}
{"testID":43,"result":"success","skipped":false,"hidden":false,"type":"testDone","time":10827}
{"test":{"id":44,"name":"same-text edit during send is a new draft revision","suiteID":0,"groupIDs":[2],"metadata":{"skip":false,"skipReason":null},"line":174,"column":5,"url":"package:flutter_test/src/widget_tester.dart","root_line":186,"root_column":5,"root_url":"file:///G:/BIL_Project/worktrees/bil-full-preflight-20261011/test/features/community/community_chat_auth_session_test.dart"},"type":"testStart","time":10827}
{"testID":44,"result":"success","skipped":false,"hidden":false,"type":"testDone","time":10949}
{"test":{"id":45,"name":"fetch and first 599ms are not read receipts","suiteID":0,"groupIDs":[2],"metadata":{"skip":false,"skipReason":null},"line":174,"column":5,"url":"package:flutter_test/src/widget_tester.dart","root_line":186,"root_column":5,"root_url":"file:///G:/BIL_Project/worktrees/bil-full-preflight-20261011/test/features/community/community_chat_auth_session_test.dart"},"type":"testStart","time":10950}
{"testID":45,"result":"success","skipped":false,"hidden":false,"type":"testDone","time":10996}
{"test":{"id":46,"name":"background dwell is discarded until resumed","suiteID":0,"groupIDs":[2],"metadata":{"skip":false,"skipReason":null},"line":174,"column":5,"url":"package:flutter_test/src/widget_tester.dart","root_line":186,"root_column":5,"root_url":"file:///G:/BIL_Project/worktrees/bil-full-preflight-20261011/test/features/community/community_chat_auth_session_test.dart"},"type":"testStart","time":10996}
{"testID":46,"result":"success","skipped":false,"hidden":false,"type":"testDone","time":11049}
{"test":{"id":47,"name":"failed read does not retry on rebuild or realtime","suiteID":0,"groupIDs":[2],"metadata":{"skip":false,"skipReason":null},"line":174,"column":5,"url":"package:flutter_test/src/widget_tester.dart","root_line":186,"root_column":5,"root_url":"file:///G:/BIL_Project/worktrees/bil-full-preflight-20261011/test/features/community/community_chat_auth_session_test.dart"},"type":"testStart","time":11049}
{"testID":47,"result":"success","skipped":false,"hidden":false,"type":"testDone","time":11109}
{"test":{"id":48,"name":"overflow remains intact and cannot be sent","suiteID":0,"groupIDs":[2],"metadata":{"skip":false,"skipReason":null},"line":174,"column":5,"url":"package:flutter_test/src/widget_tester.dart","root_line":186,"root_column":5,"root_url":"file:///G:/BIL_Project/worktrees/bil-full-preflight-20261011/test/features/community/community_chat_auth_session_test.dart"},"type":"testStart","time":11109}
{"testID":48,"result":"success","skipped":false,"hidden":false,"type":"testDone","time":11177}
{"success":true,"type":"done","time":11234}
