Command: flutter test --no-pub --timeout=3m test/dashboard_composition_contract_test.dart test/dashboard_epic_completion_contract_test.dart test/dashboard_polish/dashboard_live_health_hub_contract_test.dart test/dashboard_polish/dashboard_p9_r15_final_visual_contract_test.dart test/dashboard_polish/live_health_watch_layout_golden_test.dart test/dashboard_polish/live_health_watch_visibility_test.dart --reporter=json --concurrency=1

{"protocolVersion":"0.1.1","runnerVersion":"1.31.0","pid":8740,"type":"start","time":0}
{"suite":{"id":0,"platform":"vm","path":"G:/BIL_Project/worktrees/bil-full-preflight-20261011/test/dashboard_composition_contract_test.dart"},"type":"suite","time":0}
{"test":{"id":1,"name":"loading G:/BIL_Project/worktrees/bil-full-preflight-20261011/test/dashboard_composition_contract_test.dart","suiteID":0,"groupIDs":[],"metadata":{"skip":false,"skipReason":null},"line":null,"column":null,"url":null},"type":"testStart","time":1}
{"count":6,"time":5,"type":"allSuites"}
{"testID":1,"result":"success","skipped":false,"hidden":true,"type":"testDone","time":3637}
{"group":{"id":2,"suiteID":0,"parentID":null,"name":"","metadata":{"skip":false,"skipReason":null},"testCount":2,"line":null,"column":null,"url":null},"type":"group","time":3639}
{"test":{"id":3,"name":"DashboardPage delegates environment and composition responsibilities","suiteID":0,"groupIDs":[2],"metadata":{"skip":false,"skipReason":null},"line":6,"column":3,"url":"file:///G:/BIL_Project/worktrees/bil-full-preflight-20261011/test/dashboard_composition_contract_test.dart"},"type":"testStart","time":3640}
{"testID":3,"result":"success","skipped":false,"hidden":false,"type":"testDone","time":3671}
{"test":{"id":4,"name":"weight and steps use real three-zone crystalline Cartesian bars","suiteID":0,"groupIDs":[2],"metadata":{"skip":false,"skipReason":null},"line":23,"column":3,"url":"file:///G:/BIL_Project/worktrees/bil-full-preflight-20261011/test/dashboard_composition_contract_test.dart"},"type":"testStart","time":3671}
{"testID":4,"result":"success","skipped":false,"hidden":false,"type":"testDone","time":3679}
{"suite":{"id":5,"platform":"vm","path":"G:/BIL_Project/worktrees/bil-full-preflight-20261011/test/dashboard_epic_completion_contract_test.dart"},"type":"suite","time":3705}
{"test":{"id":6,"name":"loading G:/BIL_Project/worktrees/bil-full-preflight-20261011/test/dashboard_epic_completion_contract_test.dart","suiteID":5,"groupIDs":[],"metadata":{"skip":false,"skipReason":null},"line":null,"column":null,"url":null},"type":"testStart","time":3705}
{"testID":6,"result":"success","skipped":false,"hidden":true,"type":"testDone","time":4411}
{"group":{"id":7,"suiteID":5,"parentID":null,"name":"","metadata":{"skip":false,"skipReason":null},"testCount":1,"line":null,"column":null,"url":null},"type":"group","time":4411}
{"test":{"id":8,"name":"dashboard exposes explicit priority hierarchy","suiteID":5,"groupIDs":[7],"metadata":{"skip":false,"skipReason":null},"line":6,"column":3,"url":"file:///G:/BIL_Project/worktrees/bil-full-preflight-20261011/test/dashboard_epic_completion_contract_test.dart"},"type":"testStart","time":4411}
{"testID":8,"result":"success","skipped":false,"hidden":false,"type":"testDone","time":4437}
{"suite":{"id":9,"platform":"vm","path":"G:/BIL_Project/worktrees/bil-full-preflight-20261011/test/dashboard_polish/dashboard_live_health_hub_contract_test.dart"},"type":"suite","time":4457}
{"test":{"id":10,"name":"loading G:/BIL_Project/worktrees/bil-full-preflight-20261011/test/dashboard_polish/dashboard_live_health_hub_contract_test.dart","suiteID":9,"groupIDs":[],"metadata":{"skip":false,"skipReason":null},"line":null,"column":null,"url":null},"type":"testStart","time":4457}
{"testID":10,"result":"success","skipped":false,"hidden":true,"type":"testDone","time":5145}
{"group":{"id":11,"suiteID":9,"parentID":null,"name":"","metadata":{"skip":false,"skipReason":null},"testCount":1,"line":null,"column":null,"url":null},"type":"group","time":5145}
{"test":{"id":12,"name":"P9-R9 live Health Hub and paired deck contracts are present","suiteID":9,"groupIDs":[11],"metadata":{"skip":false,"skipReason":null},"line":8,"column":3,"url":"file:///G:/BIL_Project/worktrees/bil-full-preflight-20261011/test/dashboard_polish/dashboard_live_health_hub_contract_test.dart"},"type":"testStart","time":5145}
{"testID":12,"result":"success","skipped":false,"hidden":false,"type":"testDone","time":5182}
{"suite":{"id":13,"platform":"vm","path":"G:/BIL_Project/worktrees/bil-full-preflight-20261011/test/dashboard_polish/dashboard_p9_r15_final_visual_contract_test.dart"},"type":"suite","time":5201}
{"test":{"id":14,"name":"loading G:/BIL_Project/worktrees/bil-full-preflight-20261011/test/dashboard_polish/dashboard_p9_r15_final_visual_contract_test.dart","suiteID":13,"groupIDs":[],"metadata":{"skip":false,"skipReason":null},"line":null,"column":null,"url":null},"type":"testStart","time":5201}
{"testID":14,"result":"success","skipped":false,"hidden":true,"type":"testDone","time":5867}
{"group":{"id":15,"suiteID":13,"parentID":null,"name":"","metadata":{"skip":false,"skipReason":null},"testCount":1,"line":null,"column":null,"url":null},"type":"group","time":5867}
{"test":{"id":16,"name":"P9-R15 consolidated approved dashboard contracts are present","suiteID":13,"groupIDs":[15],"metadata":{"skip":false,"skipReason":null},"line":8,"column":3,"url":"file:///G:/BIL_Project/worktrees/bil-full-preflight-20261011/test/dashboard_polish/dashboard_p9_r15_final_visual_contract_test.dart"},"type":"testStart","time":5867}
{"testID":16,"result":"success","skipped":false,"hidden":false,"type":"testDone","time":5920}
{"suite":{"id":17,"platform":"vm","path":"G:/BIL_Project/worktrees/bil-full-preflight-20261011/test/dashboard_polish/live_health_watch_layout_golden_test.dart"},"type":"suite","time":5939}
{"test":{"id":18,"name":"loading G:/BIL_Project/worktrees/bil-full-preflight-20261011/test/dashboard_polish/live_health_watch_layout_golden_test.dart","suiteID":17,"groupIDs":[],"metadata":{"skip":false,"skipReason":null},"line":null,"column":null,"url":null},"type":"testStart","time":5939}
{"testID":18,"result":"success","skipped":false,"hidden":true,"type":"testDone","time":6951}
{"group":{"id":19,"suiteID":17,"parentID":null,"name":"","metadata":{"skip":false,"skipReason":null},"testCount":1,"line":null,"column":null,"url":null},"type":"group","time":6952}
{"test":{"id":20,"name":"(setUpAll)","suiteID":17,"groupIDs":[19],"metadata":{"skip":false,"skipReason":null},"line":22,"column":3,"url":"file:///G:/BIL_Project/worktrees/bil-full-preflight-20261011/test/dashboard_polish/live_health_watch_layout_golden_test.dart"},"type":"testStart","time":6952}
{"testID":20,"result":"success","skipped":false,"hidden":true,"type":"testDone","time":7003}
{"test":{"id":21,"name":"compact watch keeps all four readings below the clock","suiteID":17,"groupIDs":[19],"metadata":{"skip":false,"skipReason":null},"line":174,"column":5,"url":"package:flutter_test/src/widget_tester.dart","root_line":23,"root_column":3,"root_url":"file:///G:/BIL_Project/worktrees/bil-full-preflight-20261011/test/dashboard_polish/live_health_watch_layout_golden_test.dart"},"type":"testStart","time":7004}
{"testID":21,"messageType":"print","message":"══╡ EXCEPTION CAUGHT BY FLUTTER TEST FRAMEWORK ╞════════════════════════════════════════════════════\nThe following assertion was thrown while running async test code:\nGolden \"goldens/live_health_watch_compact_all_metrics.png\": Pixel test failed, 22.44%, 10860px diff\ndetected.\nFailure feedback can be found at\n/G:/BIL_Project/worktrees/bil-full-preflight-20261011/test/dashboard_polish/failures\n\nWhen the exception was thrown, this was the stack:\n#0      LocalFileComparator.compare (package:flutter_test/src/_goldens_io.dart:108:5)\n<asynchronous suspension>\n#1      MatchesGoldenFile.matchAsync.<anonymous closure> (package:flutter_test/src/_matchers_io.dart:124:32)\n<asynchronous suspension>\n<asynchronous suspension>\n#3      _expect.<anonymous closure> (package:matcher/src/expect/expect.dart:153:17)\n<asynchronous suspension>\n<asynchronous suspension>\n#5      expectLater.<anonymous closure> (package:flutter_test/src/widget_tester.dart:508:19)\n<asynchronous suspension>\n#6      main.<anonymous closure> (file:///G:/BIL_Project/worktrees/bil-full-preflight-20261011/test/dashboard_polish/live_health_watch_layout_golden_test.dart:85:5)\n<asynchronous suspension>\n#7      testWidgets.<anonymous closure>.<anonymous closure> (package:flutter_test/src/widget_tester.dart:192:15)\n<asynchronous suspension>\n#8      TestWidgetsFlutterBinding._runTestBody (package:flutter_test/src/binding.dart:1952:5)\n<asynchronous suspension>\n<asynchronous suspension>\n(elided 3 frames from dart:async and package:stack_trace)\n\nThe exception was caught asynchronously.\n════════════════════════════════════════════════════════════════════════════════════════════════════","type":"print","time":7809}
{"testID":21,"error":"Test failed. See exception logs above.\nThe test description was: compact watch keeps all four readings below the clock","stackTrace":"","isFailure":false,"type":"error","time":7811}
{"testID":21,"result":"error","skipped":false,"hidden":false,"type":"testDone","time":7811}
{"test":{"id":22,"name":"(tearDownAll)","suiteID":17,"groupIDs":[19],"metadata":{"skip":false,"skipReason":null},"line":null,"column":null,"url":null},"type":"testStart","time":7811}
{"testID":22,"result":"success","skipped":false,"hidden":true,"type":"testDone","time":7814}
{"suite":{"id":23,"platform":"vm","path":"G:/BIL_Project/worktrees/bil-full-preflight-20261011/test/dashboard_polish/live_health_watch_visibility_test.dart"},"type":"suite","time":7849}
{"test":{"id":24,"name":"loading G:/BIL_Project/worktrees/bil-full-preflight-20261011/test/dashboard_polish/live_health_watch_visibility_test.dart","suiteID":23,"groupIDs":[],"metadata":{"skip":false,"skipReason":null},"line":null,"column":null,"url":null},"type":"testStart","time":7850}
{"testID":24,"result":"success","skipped":false,"hidden":true,"type":"testDone","time":9020}
{"group":{"id":25,"suiteID":23,"parentID":null,"name":"","metadata":{"skip":false,"skipReason":null},"testCount":23,"line":null,"column":null,"url":null},"type":"group","time":9020}
{"test":{"id":26,"name":"health_sync_timed_out retains readings, not revoked access","suiteID":23,"groupIDs":[25],"metadata":{"skip":false,"skipReason":null},"line":174,"column":5,"url":"package:flutter_test/src/widget_tester.dart","root_line":90,"root_column":5,"root_url":"file:///G:/BIL_Project/worktrees/bil-full-preflight-20261011/test/dashboard_polish/live_health_watch_visibility_test.dart"},"type":"testStart","time":9020}
{"testID":26,"result":"success","skipped":false,"hidden":false,"type":"testDone","time":9744}
{"test":{"id":27,"name":"health_cached_snapshot_pending_refresh retains readings, not revoked access","suiteID":23,"groupIDs":[25],"metadata":{"skip":false,"skipReason":null},"line":174,"column":5,"url":"package:flutter_test/src/widget_tester.dart","root_line":90,"root_column":5,"root_url":"file:///G:/BIL_Project/worktrees/bil-full-preflight-20261011/test/dashboard_polish/live_health_watch_visibility_test.dart"},"type":"testStart","time":9744}
{"testID":27,"result":"success","skipped":false,"hidden":false,"type":"testDone","time":9795}
{"test":{"id":28,"name":"native_health_status_unavailable retains readings, not revoked access","suiteID":23,"groupIDs":[25],"metadata":{"skip":false,"skipReason":null},"line":174,"column":5,"url":"package:flutter_test/src/widget_tester.dart","root_line":90,"root_column":5,"root_url":"file:///G:/BIL_Project/worktrees/bil-full-preflight-20261011/test/dashboard_polish/live_health_watch_visibility_test.dart"},"type":"testStart","time":9796}
{"testID":28,"result":"success","skipped":false,"hidden":false,"type":"testDone","time":9844}
{"test":{"id":29,"name":"daily_activity_refresh_failed_cache_preserved retains readings, not revoked access","suiteID":23,"groupIDs":[25],"metadata":{"skip":false,"skipReason":null},"line":174,"column":5,"url":"package:flutter_test/src/widget_tester.dart","root_line":90,"root_column":5,"root_url":"file:///G:/BIL_Project/worktrees/bil-full-preflight-20261011/test/dashboard_polish/live_health_watch_visibility_test.dart"},"type":"testStart","time":9844}
{"testID":29,"result":"success","skipped":false,"hidden":false,"type":"testDone","time":9890}
{"test":{"id":30,"name":"connected watch renders only actual supported readings","suiteID":23,"groupIDs":[25],"metadata":{"skip":false,"skipReason":null},"line":174,"column":5,"url":"package:flutter_test/src/widget_tester.dart","root_line":128,"root_column":3,"root_url":"file:///G:/BIL_Project/worktrees/bil-full-preflight-20261011/test/dashboard_polish/live_health_watch_visibility_test.dart"},"type":"testStart","time":9891}
{"testID":30,"result":"success","skipped":false,"hidden":false,"type":"testDone","time":9927}
{"test":{"id":31,"name":"Apple Health uses its selected phone step total with verified watch data","suiteID":23,"groupIDs":[25],"metadata":{"skip":false,"skipReason":null},"line":174,"column":5,"url":"package:flutter_test/src/widget_tester.dart","root_line":172,"root_column":3,"root_url":"file:///G:/BIL_Project/worktrees/bil-full-preflight-20261011/test/dashboard_polish/live_health_watch_visibility_test.dart"},"type":"testStart","time":9927}
{"testID":31,"result":"success","skipped":false,"hidden":false,"type":"testDone","time":9953}
{"test":{"id":32,"name":"ConnectedHealthStatus.unavailable hides stale readings but keeps clock and link CTA","suiteID":23,"groupIDs":[25],"metadata":{"skip":false,"skipReason":null},"line":174,"column":5,"url":"package:flutter_test/src/widget_tester.dart","root_line":204,"root_column":5,"root_url":"file:///G:/BIL_Project/worktrees/bil-full-preflight-20261011/test/dashboard_polish/live_health_watch_visibility_test.dart"},"type":"testStart","time":9953}
{"testID":32,"result":"success","skipped":false,"hidden":false,"type":"testDone","time":9980}
{"test":{"id":33,"name":"ConnectedHealthStatus.permissionRequired hides stale readings but keeps clock and link CTA","suiteID":23,"groupIDs":[25],"metadata":{"skip":false,"skipReason":null},"line":174,"column":5,"url":"package:flutter_test/src/widget_tester.dart","root_line":204,"root_column":5,"root_url":"file:///G:/BIL_Project/worktrees/bil-full-preflight-20261011/test/dashboard_polish/live_health_watch_visibility_test.dart"},"type":"testStart","time":9981}
{"testID":33,"result":"success","skipped":false,"hidden":false,"type":"testDone","time":10005}
{"test":{"id":34,"name":"ConnectedHealthStatus.permissionDenied hides stale readings but keeps clock and link CTA","suiteID":23,"groupIDs":[25],"metadata":{"skip":false,"skipReason":null},"line":174,"column":5,"url":"package:flutter_test/src/widget_tester.dart","root_line":204,"root_column":5,"root_url":"file:///G:/BIL_Project/worktrees/bil-full-preflight-20261011/test/dashboard_polish/live_health_watch_visibility_test.dart"},"type":"testStart","time":10005}
{"testID":34,"result":"success","skipped":false,"hidden":false,"type":"testDone","time":10030}
{"test":{"id":35,"name":"ConnectedHealthStatus.authorizationRequested hides stale readings but keeps clock and link CTA","suiteID":23,"groupIDs":[25],"metadata":{"skip":false,"skipReason":null},"line":174,"column":5,"url":"package:flutter_test/src/widget_tester.dart","root_line":204,"root_column":5,"root_url":"file:///G:/BIL_Project/worktrees/bil-full-preflight-20261011/test/dashboard_polish/live_health_watch_visibility_test.dart"},"type":"testStart","time":10030}
{"testID":35,"result":"success","skipped":false,"hidden":false,"type":"testDone","time":10052}
{"test":{"id":36,"name":"ConnectedHealthStatus.degraded hides stale readings but keeps clock and link CTA","suiteID":23,"groupIDs":[25],"metadata":{"skip":false,"skipReason":null},"line":174,"column":5,"url":"package:flutter_test/src/widget_tester.dart","root_line":204,"root_column":5,"root_url":"file:///G:/BIL_Project/worktrees/bil-full-preflight-20261011/test/dashboard_polish/live_health_watch_visibility_test.dart"},"type":"testStart","time":10053}
{"testID":36,"result":"success","skipped":false,"hidden":false,"type":"testDone","time":10078}
{"test":{"id":37,"name":"iPhone HealthKit readings do not require Apple Watch evidence","suiteID":23,"groupIDs":[25],"metadata":{"skip":false,"skipReason":null},"line":174,"column":5,"url":"package:flutter_test/src/widget_tester.dart","root_line":230,"root_column":3,"root_url":"file:///G:/BIL_Project/worktrees/bil-full-preflight-20261011/test/dashboard_polish/live_health_watch_visibility_test.dart"},"type":"testStart","time":10078}
{"testID":37,"result":"success","skipped":false,"hidden":false,"type":"testDone","time":10101}
{"test":{"id":38,"name":"sync failure keeps the last confirmed watch readings visible","suiteID":23,"groupIDs":[25],"metadata":{"skip":false,"skipReason":null},"line":174,"column":5,"url":"package:flutter_test/src/widget_tester.dart","root_line":249,"root_column":3,"root_url":"file:///G:/BIL_Project/worktrees/bil-full-preflight-20261011/test/dashboard_polish/live_health_watch_visibility_test.dart"},"type":"testStart","time":10101}
{"testID":38,"result":"success","skipped":false,"hidden":false,"type":"testDone","time":10126}
{"test":{"id":39,"name":"source-less and invalid signals stay hidden","suiteID":23,"groupIDs":[25],"metadata":{"skip":false,"skipReason":null},"line":174,"column":5,"url":"package:flutter_test/src/widget_tester.dart","root_line":268,"root_column":3,"root_url":"file:///G:/BIL_Project/worktrees/bil-full-preflight-20261011/test/dashboard_polish/live_health_watch_visibility_test.dart"},"type":"testStart","time":10126}
{"testID":39,"result":"success","skipped":false,"hidden":false,"type":"testDone","time":10158}
{"test":{"id":40,"name":"recent sync cannot present prior-day activity or two-day-old vitals as current","suiteID":23,"groupIDs":[25],"metadata":{"skip":false,"skipReason":null},"line":174,"column":5,"url":"package:flutter_test/src/widget_tester.dart","root_line":296,"root_column":3,"root_url":"file:///G:/BIL_Project/worktrees/bil-full-preflight-20261011/test/dashboard_polish/live_health_watch_visibility_test.dart"},"type":"testStart","time":10159}
{"testID":40,"result":"success","skipped":false,"hidden":false,"type":"testDone","time":10183}
{"test":{"id":41,"name":"current observations replace retained older activity","suiteID":23,"groupIDs":[25],"metadata":{"skip":false,"skipReason":null},"line":174,"column":5,"url":"package:flutter_test/src/widget_tester.dart","root_line":342,"root_column":3,"root_url":"file:///G:/BIL_Project/worktrees/bil-full-preflight-20261011/test/dashboard_polish/live_health_watch_visibility_test.dart"},"type":"testStart","time":10184}
{"testID":41,"result":"success","skipped":false,"hidden":false,"type":"testDone","time":10205}
{"test":{"id":42,"name":"watch scope contains no oxygen or SpO2 metric","suiteID":23,"groupIDs":[25],"metadata":{"skip":false,"skipReason":null},"line":409,"column":3,"url":"file:///G:/BIL_Project/worktrees/bil-full-preflight-20261011/test/dashboard_polish/live_health_watch_visibility_test.dart"},"type":"testStart","time":10206}
{"testID":42,"result":"success","skipped":false,"hidden":false,"type":"testDone","time":10208}
{"test":{"id":43,"name":"watch clock pauses offscreen and resumes without polling","suiteID":23,"groupIDs":[25],"metadata":{"skip":false,"skipReason":null},"line":174,"column":5,"url":"package:flutter_test/src/widget_tester.dart","root_line":414,"root_column":3,"root_url":"file:///G:/BIL_Project/worktrees/bil-full-preflight-20261011/test/dashboard_polish/live_health_watch_visibility_test.dart"},"type":"testStart","time":10208}
{"testID":43,"result":"success","skipped":false,"hidden":false,"type":"testDone","time":10260}
{"test":{"id":44,"name":"digital clock uses fixed-width figures for every digit","suiteID":23,"groupIDs":[25],"metadata":{"skip":false,"skipReason":null},"line":174,"column":5,"url":"package:flutter_test/src/widget_tester.dart","root_line":440,"root_column":3,"root_url":"file:///G:/BIL_Project/worktrees/bil-full-preflight-20261011/test/dashboard_polish/live_health_watch_visibility_test.dart"},"type":"testStart","time":10260}
{"testID":44,"result":"success","skipped":false,"hidden":false,"type":"testDone","time":10286}
{"test":{"id":45,"name":"connected BLE heart rate is shown inside watch without body metrics","suiteID":23,"groupIDs":[25],"metadata":{"skip":false,"skipReason":null},"line":174,"column":5,"url":"package:flutter_test/src/widget_tester.dart","root_line":461,"root_column":3,"root_url":"file:///G:/BIL_Project/worktrees/bil-full-preflight-20261011/test/dashboard_polish/live_health_watch_visibility_test.dart"},"type":"testStart","time":10287}
{"testID":45,"result":"success","skipped":false,"hidden":false,"type":"testDone","time":10312}
{"test":{"id":46,"name":"connected BLE with no packet is a source but invents no reading","suiteID":23,"groupIDs":[25],"metadata":{"skip":false,"skipReason":null},"line":510,"column":3,"url":"file:///G:/BIL_Project/worktrees/bil-full-preflight-20261011/test/dashboard_polish/live_health_watch_visibility_test.dart"},"type":"testStart","time":10313}
{"testID":46,"result":"success","skipped":false,"hidden":false,"type":"testDone","time":10315}
{"test":{"id":47,"name":"disconnected BLE retained packets cannot appear on the watch","suiteID":23,"groupIDs":[25],"metadata":{"skip":false,"skipReason":null},"line":526,"column":3,"url":"file:///G:/BIL_Project/worktrees/bil-full-preflight-20261011/test/dashboard_polish/live_health_watch_visibility_test.dart"},"type":"testStart","time":10315}
{"testID":47,"result":"success","skipped":false,"hidden":false,"type":"testDone","time":10318}
{"test":{"id":48,"name":"dashboard snapshot and status follow aggregate connection truth","suiteID":23,"groupIDs":[25],"metadata":{"skip":false,"skipReason":null},"line":548,"column":3,"url":"file:///G:/BIL_Project/worktrees/bil-full-preflight-20261011/test/dashboard_polish/live_health_watch_visibility_test.dart"},"type":"testStart","time":10318}
{"testID":48,"result":"success","skipped":false,"hidden":false,"type":"testDone","time":10332}
{"success":false,"type":"done","time":10366}
