Command: flutter test --no-pub --timeout=3m test/dashboard_polish/dashboard_reference_nutrition_cards_test.dart test/dashboard_polish/dashboard_polish_layout_review_test.dart test/features/dashboard/composition/dashboard_unknown_nutrition_flow_test.dart test/dashboard_polish/dashboard_current_preview_test.dart --reporter=json --concurrency=1

{"protocolVersion":"0.1.1","runnerVersion":"1.31.0","pid":25192,"type":"start","time":0}
{"suite":{"id":0,"platform":"vm","path":"G:/BIL_Project/worktrees/bil-full-preflight-20261011/test/dashboard_polish/dashboard_reference_nutrition_cards_test.dart"},"type":"suite","time":0}
{"test":{"id":1,"name":"loading G:/BIL_Project/worktrees/bil-full-preflight-20261011/test/dashboard_polish/dashboard_reference_nutrition_cards_test.dart","suiteID":0,"groupIDs":[],"metadata":{"skip":false,"skipReason":null},"line":null,"column":null,"url":null},"type":"testStart","time":1}
{"count":4,"time":8,"type":"allSuites"}
{"testID":1,"result":"success","skipped":false,"hidden":true,"type":"testDone","time":12423}
{"group":{"id":2,"suiteID":0,"parentID":null,"name":"","metadata":{"skip":false,"skipReason":null},"testCount":50,"line":null,"column":null,"url":null},"type":"group","time":12426}
{"test":{"id":3,"name":"ar workout tile opens videos and routines at 1.6x","suiteID":0,"groupIDs":[2],"metadata":{"skip":false,"skipReason":null},"line":174,"column":5,"url":"package:flutter_test/src/widget_tester.dart","root_line":56,"root_column":5,"root_url":"file:///G:/BIL_Project/worktrees/bil-full-preflight-20261011/test/dashboard_polish/dashboard_reference_nutrition_cards_test.dart"},"type":"testStart","time":12427}
{"testID":3,"result":"success","skipped":false,"hidden":false,"type":"testDone","time":14528}
{"test":{"id":4,"name":"ar uses reference calorie and macro rows at 1.6x","suiteID":0,"groupIDs":[2],"metadata":{"skip":false,"skipReason":null},"line":174,"column":5,"url":"package:flutter_test/src/widget_tester.dart","root_line":112,"root_column":5,"root_url":"file:///G:/BIL_Project/worktrees/bil-full-preflight-20261011/test/dashboard_polish/dashboard_reference_nutrition_cards_test.dart"},"type":"testStart","time":14529}
{"testID":4,"result":"success","skipped":false,"hidden":false,"type":"testDone","time":14890}
{"test":{"id":5,"name":"en workout tile opens videos and routines at 1.6x","suiteID":0,"groupIDs":[2],"metadata":{"skip":false,"skipReason":null},"line":174,"column":5,"url":"package:flutter_test/src/widget_tester.dart","root_line":56,"root_column":5,"root_url":"file:///G:/BIL_Project/worktrees/bil-full-preflight-20261011/test/dashboard_polish/dashboard_reference_nutrition_cards_test.dart"},"type":"testStart","time":14890}
{"testID":5,"result":"success","skipped":false,"hidden":false,"type":"testDone","time":15264}
{"test":{"id":6,"name":"en uses reference calorie and macro rows at 1.6x","suiteID":0,"groupIDs":[2],"metadata":{"skip":false,"skipReason":null},"line":174,"column":5,"url":"package:flutter_test/src/widget_tester.dart","root_line":112,"root_column":5,"root_url":"file:///G:/BIL_Project/worktrees/bil-full-preflight-20261011/test/dashboard_polish/dashboard_reference_nutrition_cards_test.dart"},"type":"testStart","time":15264}
{"testID":6,"result":"success","skipped":false,"hidden":false,"type":"testDone","time":15483}
{"test":{"id":7,"name":"fr workout tile opens videos and routines at 1.6x","suiteID":0,"groupIDs":[2],"metadata":{"skip":false,"skipReason":null},"line":174,"column":5,"url":"package:flutter_test/src/widget_tester.dart","root_line":56,"root_column":5,"root_url":"file:///G:/BIL_Project/worktrees/bil-full-preflight-20261011/test/dashboard_polish/dashboard_reference_nutrition_cards_test.dart"},"type":"testStart","time":15484}
{"testID":7,"result":"success","skipped":false,"hidden":false,"type":"testDone","time":15617}
{"test":{"id":8,"name":"fr uses reference calorie and macro rows at 1.6x","suiteID":0,"groupIDs":[2],"metadata":{"skip":false,"skipReason":null},"line":174,"column":5,"url":"package:flutter_test/src/widget_tester.dart","root_line":112,"root_column":5,"root_url":"file:///G:/BIL_Project/worktrees/bil-full-preflight-20261011/test/dashboard_polish/dashboard_reference_nutrition_cards_test.dart"},"type":"testStart","time":15618}
{"testID":8,"result":"success","skipped":false,"hidden":false,"type":"testDone","time":15707}
{"test":{"id":9,"name":"es workout tile opens videos and routines at 1.6x","suiteID":0,"groupIDs":[2],"metadata":{"skip":false,"skipReason":null},"line":174,"column":5,"url":"package:flutter_test/src/widget_tester.dart","root_line":56,"root_column":5,"root_url":"file:///G:/BIL_Project/worktrees/bil-full-preflight-20261011/test/dashboard_polish/dashboard_reference_nutrition_cards_test.dart"},"type":"testStart","time":15707}
{"testID":9,"result":"success","skipped":false,"hidden":false,"type":"testDone","time":15802}
{"test":{"id":10,"name":"es uses reference calorie and macro rows at 1.6x","suiteID":0,"groupIDs":[2],"metadata":{"skip":false,"skipReason":null},"line":174,"column":5,"url":"package:flutter_test/src/widget_tester.dart","root_line":112,"root_column":5,"root_url":"file:///G:/BIL_Project/worktrees/bil-full-preflight-20261011/test/dashboard_polish/dashboard_reference_nutrition_cards_test.dart"},"type":"testStart","time":15802}
{"testID":10,"result":"success","skipped":false,"hidden":false,"type":"testDone","time":15885}
{"test":{"id":11,"name":"tr workout tile opens videos and routines at 1.6x","suiteID":0,"groupIDs":[2],"metadata":{"skip":false,"skipReason":null},"line":174,"column":5,"url":"package:flutter_test/src/widget_tester.dart","root_line":56,"root_column":5,"root_url":"file:///G:/BIL_Project/worktrees/bil-full-preflight-20261011/test/dashboard_polish/dashboard_reference_nutrition_cards_test.dart"},"type":"testStart","time":15885}
{"testID":11,"result":"success","skipped":false,"hidden":false,"type":"testDone","time":15984}
{"test":{"id":12,"name":"tr uses reference calorie and macro rows at 1.6x","suiteID":0,"groupIDs":[2],"metadata":{"skip":false,"skipReason":null},"line":174,"column":5,"url":"package:flutter_test/src/widget_tester.dart","root_line":112,"root_column":5,"root_url":"file:///G:/BIL_Project/worktrees/bil-full-preflight-20261011/test/dashboard_polish/dashboard_reference_nutrition_cards_test.dart"},"type":"testStart","time":15984}
{"testID":12,"result":"success","skipped":false,"hidden":false,"type":"testDone","time":16066}
{"test":{"id":13,"name":"de workout tile opens videos and routines at 1.6x","suiteID":0,"groupIDs":[2],"metadata":{"skip":false,"skipReason":null},"line":174,"column":5,"url":"package:flutter_test/src/widget_tester.dart","root_line":56,"root_column":5,"root_url":"file:///G:/BIL_Project/worktrees/bil-full-preflight-20261011/test/dashboard_polish/dashboard_reference_nutrition_cards_test.dart"},"type":"testStart","time":16066}
{"testID":13,"result":"success","skipped":false,"hidden":false,"type":"testDone","time":16171}
{"test":{"id":14,"name":"de uses reference calorie and macro rows at 1.6x","suiteID":0,"groupIDs":[2],"metadata":{"skip":false,"skipReason":null},"line":174,"column":5,"url":"package:flutter_test/src/widget_tester.dart","root_line":112,"root_column":5,"root_url":"file:///G:/BIL_Project/worktrees/bil-full-preflight-20261011/test/dashboard_polish/dashboard_reference_nutrition_cards_test.dart"},"type":"testStart","time":16172}
{"testID":14,"result":"success","skipped":false,"hidden":false,"type":"testDone","time":16253}
{"test":{"id":15,"name":"it workout tile opens videos and routines at 1.6x","suiteID":0,"groupIDs":[2],"metadata":{"skip":false,"skipReason":null},"line":174,"column":5,"url":"package:flutter_test/src/widget_tester.dart","root_line":56,"root_column":5,"root_url":"file:///G:/BIL_Project/worktrees/bil-full-preflight-20261011/test/dashboard_polish/dashboard_reference_nutrition_cards_test.dart"},"type":"testStart","time":16253}
{"testID":15,"result":"success","skipped":false,"hidden":false,"type":"testDone","time":16353}
{"test":{"id":16,"name":"it uses reference calorie and macro rows at 1.6x","suiteID":0,"groupIDs":[2],"metadata":{"skip":false,"skipReason":null},"line":174,"column":5,"url":"package:flutter_test/src/widget_tester.dart","root_line":112,"root_column":5,"root_url":"file:///G:/BIL_Project/worktrees/bil-full-preflight-20261011/test/dashboard_polish/dashboard_reference_nutrition_cards_test.dart"},"type":"testStart","time":16354}
{"testID":16,"result":"success","skipped":false,"hidden":false,"type":"testDone","time":16430}
{"test":{"id":17,"name":"pt-BR workout tile opens videos and routines at 1.6x","suiteID":0,"groupIDs":[2],"metadata":{"skip":false,"skipReason":null},"line":174,"column":5,"url":"package:flutter_test/src/widget_tester.dart","root_line":56,"root_column":5,"root_url":"file:///G:/BIL_Project/worktrees/bil-full-preflight-20261011/test/dashboard_polish/dashboard_reference_nutrition_cards_test.dart"},"type":"testStart","time":16430}
{"testID":17,"result":"success","skipped":false,"hidden":false,"type":"testDone","time":16526}
{"test":{"id":18,"name":"pt-BR uses reference calorie and macro rows at 1.6x","suiteID":0,"groupIDs":[2],"metadata":{"skip":false,"skipReason":null},"line":174,"column":5,"url":"package:flutter_test/src/widget_tester.dart","root_line":112,"root_column":5,"root_url":"file:///G:/BIL_Project/worktrees/bil-full-preflight-20261011/test/dashboard_polish/dashboard_reference_nutrition_cards_test.dart"},"type":"testStart","time":16526}
{"testID":18,"result":"success","skipped":false,"hidden":false,"type":"testDone","time":16593}
{"test":{"id":19,"name":"pt-PT workout tile opens videos and routines at 1.6x","suiteID":0,"groupIDs":[2],"metadata":{"skip":false,"skipReason":null},"line":174,"column":5,"url":"package:flutter_test/src/widget_tester.dart","root_line":56,"root_column":5,"root_url":"file:///G:/BIL_Project/worktrees/bil-full-preflight-20261011/test/dashboard_polish/dashboard_reference_nutrition_cards_test.dart"},"type":"testStart","time":16594}
{"testID":19,"result":"success","skipped":false,"hidden":false,"type":"testDone","time":16680}
{"test":{"id":20,"name":"pt-PT uses reference calorie and macro rows at 1.6x","suiteID":0,"groupIDs":[2],"metadata":{"skip":false,"skipReason":null},"line":174,"column":5,"url":"package:flutter_test/src/widget_tester.dart","root_line":112,"root_column":5,"root_url":"file:///G:/BIL_Project/worktrees/bil-full-preflight-20261011/test/dashboard_polish/dashboard_reference_nutrition_cards_test.dart"},"type":"testStart","time":16681}
{"testID":20,"result":"success","skipped":false,"hidden":false,"type":"testDone","time":16747}
{"test":{"id":21,"name":"ur workout tile opens videos and routines at 1.6x","suiteID":0,"groupIDs":[2],"metadata":{"skip":false,"skipReason":null},"line":174,"column":5,"url":"package:flutter_test/src/widget_tester.dart","root_line":56,"root_column":5,"root_url":"file:///G:/BIL_Project/worktrees/bil-full-preflight-20261011/test/dashboard_polish/dashboard_reference_nutrition_cards_test.dart"},"type":"testStart","time":16748}
{"testID":21,"result":"success","skipped":false,"hidden":false,"type":"testDone","time":16834}
{"test":{"id":22,"name":"ur uses reference calorie and macro rows at 1.6x","suiteID":0,"groupIDs":[2],"metadata":{"skip":false,"skipReason":null},"line":174,"column":5,"url":"package:flutter_test/src/widget_tester.dart","root_line":112,"root_column":5,"root_url":"file:///G:/BIL_Project/worktrees/bil-full-preflight-20261011/test/dashboard_polish/dashboard_reference_nutrition_cards_test.dart"},"type":"testStart","time":16834}
{"testID":22,"result":"success","skipped":false,"hidden":false,"type":"testDone","time":16899}
{"test":{"id":23,"name":"fa workout tile opens videos and routines at 1.6x","suiteID":0,"groupIDs":[2],"metadata":{"skip":false,"skipReason":null},"line":174,"column":5,"url":"package:flutter_test/src/widget_tester.dart","root_line":56,"root_column":5,"root_url":"file:///G:/BIL_Project/worktrees/bil-full-preflight-20261011/test/dashboard_polish/dashboard_reference_nutrition_cards_test.dart"},"type":"testStart","time":16900}
{"testID":23,"result":"success","skipped":false,"hidden":false,"type":"testDone","time":16983}
{"test":{"id":24,"name":"fa uses reference calorie and macro rows at 1.6x","suiteID":0,"groupIDs":[2],"metadata":{"skip":false,"skipReason":null},"line":174,"column":5,"url":"package:flutter_test/src/widget_tester.dart","root_line":112,"root_column":5,"root_url":"file:///G:/BIL_Project/worktrees/bil-full-preflight-20261011/test/dashboard_polish/dashboard_reference_nutrition_cards_test.dart"},"type":"testStart","time":16984}
{"testID":24,"result":"success","skipped":false,"hidden":false,"type":"testDone","time":17046}
{"test":{"id":25,"name":"hi workout tile opens videos and routines at 1.6x","suiteID":0,"groupIDs":[2],"metadata":{"skip":false,"skipReason":null},"line":174,"column":5,"url":"package:flutter_test/src/widget_tester.dart","root_line":56,"root_column":5,"root_url":"file:///G:/BIL_Project/worktrees/bil-full-preflight-20261011/test/dashboard_polish/dashboard_reference_nutrition_cards_test.dart"},"type":"testStart","time":17046}
{"testID":25,"result":"success","skipped":false,"hidden":false,"type":"testDone","time":17134}
{"test":{"id":26,"name":"hi uses reference calorie and macro rows at 1.6x","suiteID":0,"groupIDs":[2],"metadata":{"skip":false,"skipReason":null},"line":174,"column":5,"url":"package:flutter_test/src/widget_tester.dart","root_line":112,"root_column":5,"root_url":"file:///G:/BIL_Project/worktrees/bil-full-preflight-20261011/test/dashboard_polish/dashboard_reference_nutrition_cards_test.dart"},"type":"testStart","time":17135}
{"testID":26,"result":"success","skipped":false,"hidden":false,"type":"testDone","time":17199}
{"test":{"id":27,"name":"id workout tile opens videos and routines at 1.6x","suiteID":0,"groupIDs":[2],"metadata":{"skip":false,"skipReason":null},"line":174,"column":5,"url":"package:flutter_test/src/widget_tester.dart","root_line":56,"root_column":5,"root_url":"file:///G:/BIL_Project/worktrees/bil-full-preflight-20261011/test/dashboard_polish/dashboard_reference_nutrition_cards_test.dart"},"type":"testStart","time":17199}
{"testID":27,"result":"success","skipped":false,"hidden":false,"type":"testDone","time":17279}
{"test":{"id":28,"name":"id uses reference calorie and macro rows at 1.6x","suiteID":0,"groupIDs":[2],"metadata":{"skip":false,"skipReason":null},"line":174,"column":5,"url":"package:flutter_test/src/widget_tester.dart","root_line":112,"root_column":5,"root_url":"file:///G:/BIL_Project/worktrees/bil-full-preflight-20261011/test/dashboard_polish/dashboard_reference_nutrition_cards_test.dart"},"type":"testStart","time":17279}
{"testID":28,"result":"success","skipped":false,"hidden":false,"type":"testDone","time":17342}
{"test":{"id":29,"name":"ms workout tile opens videos and routines at 1.6x","suiteID":0,"groupIDs":[2],"metadata":{"skip":false,"skipReason":null},"line":174,"column":5,"url":"package:flutter_test/src/widget_tester.dart","root_line":56,"root_column":5,"root_url":"file:///G:/BIL_Project/worktrees/bil-full-preflight-20261011/test/dashboard_polish/dashboard_reference_nutrition_cards_test.dart"},"type":"testStart","time":17343}
{"testID":29,"result":"success","skipped":false,"hidden":false,"type":"testDone","time":17419}
{"test":{"id":30,"name":"ms uses reference calorie and macro rows at 1.6x","suiteID":0,"groupIDs":[2],"metadata":{"skip":false,"skipReason":null},"line":174,"column":5,"url":"package:flutter_test/src/widget_tester.dart","root_line":112,"root_column":5,"root_url":"file:///G:/BIL_Project/worktrees/bil-full-preflight-20261011/test/dashboard_polish/dashboard_reference_nutrition_cards_test.dart"},"type":"testStart","time":17419}
{"testID":30,"result":"success","skipped":false,"hidden":false,"type":"testDone","time":17484}
{"test":{"id":31,"name":"ja workout tile opens videos and routines at 1.6x","suiteID":0,"groupIDs":[2],"metadata":{"skip":false,"skipReason":null},"line":174,"column":5,"url":"package:flutter_test/src/widget_tester.dart","root_line":56,"root_column":5,"root_url":"file:///G:/BIL_Project/worktrees/bil-full-preflight-20261011/test/dashboard_polish/dashboard_reference_nutrition_cards_test.dart"},"type":"testStart","time":17484}
{"testID":31,"result":"success","skipped":false,"hidden":false,"type":"testDone","time":17566}
{"test":{"id":32,"name":"ja uses reference calorie and macro rows at 1.6x","suiteID":0,"groupIDs":[2],"metadata":{"skip":false,"skipReason":null},"line":174,"column":5,"url":"package:flutter_test/src/widget_tester.dart","root_line":112,"root_column":5,"root_url":"file:///G:/BIL_Project/worktrees/bil-full-preflight-20261011/test/dashboard_polish/dashboard_reference_nutrition_cards_test.dart"},"type":"testStart","time":17566}
{"testID":32,"result":"success","skipped":false,"hidden":false,"type":"testDone","time":17631}
{"test":{"id":33,"name":"ko workout tile opens videos and routines at 1.6x","suiteID":0,"groupIDs":[2],"metadata":{"skip":false,"skipReason":null},"line":174,"column":5,"url":"package:flutter_test/src/widget_tester.dart","root_line":56,"root_column":5,"root_url":"file:///G:/BIL_Project/worktrees/bil-full-preflight-20261011/test/dashboard_polish/dashboard_reference_nutrition_cards_test.dart"},"type":"testStart","time":17632}
{"testID":33,"result":"success","skipped":false,"hidden":false,"type":"testDone","time":17717}
{"test":{"id":34,"name":"ko uses reference calorie and macro rows at 1.6x","suiteID":0,"groupIDs":[2],"metadata":{"skip":false,"skipReason":null},"line":174,"column":5,"url":"package:flutter_test/src/widget_tester.dart","root_line":112,"root_column":5,"root_url":"file:///G:/BIL_Project/worktrees/bil-full-preflight-20261011/test/dashboard_polish/dashboard_reference_nutrition_cards_test.dart"},"type":"testStart","time":17717}
{"testID":34,"result":"success","skipped":false,"hidden":false,"type":"testDone","time":17775}
{"test":{"id":35,"name":"zh-Hans workout tile opens videos and routines at 1.6x","suiteID":0,"groupIDs":[2],"metadata":{"skip":false,"skipReason":null},"line":174,"column":5,"url":"package:flutter_test/src/widget_tester.dart","root_line":56,"root_column":5,"root_url":"file:///G:/BIL_Project/worktrees/bil-full-preflight-20261011/test/dashboard_polish/dashboard_reference_nutrition_cards_test.dart"},"type":"testStart","time":17776}
{"testID":35,"result":"success","skipped":false,"hidden":false,"type":"testDone","time":17851}
{"test":{"id":36,"name":"zh-Hans uses reference calorie and macro rows at 1.6x","suiteID":0,"groupIDs":[2],"metadata":{"skip":false,"skipReason":null},"line":174,"column":5,"url":"package:flutter_test/src/widget_tester.dart","root_line":112,"root_column":5,"root_url":"file:///G:/BIL_Project/worktrees/bil-full-preflight-20261011/test/dashboard_polish/dashboard_reference_nutrition_cards_test.dart"},"type":"testStart","time":17851}
{"testID":36,"result":"success","skipped":false,"hidden":false,"type":"testDone","time":17908}
{"test":{"id":37,"name":"zh-Hant workout tile opens videos and routines at 1.6x","suiteID":0,"groupIDs":[2],"metadata":{"skip":false,"skipReason":null},"line":174,"column":5,"url":"package:flutter_test/src/widget_tester.dart","root_line":56,"root_column":5,"root_url":"file:///G:/BIL_Project/worktrees/bil-full-preflight-20261011/test/dashboard_polish/dashboard_reference_nutrition_cards_test.dart"},"type":"testStart","time":17908}
{"testID":37,"result":"success","skipped":false,"hidden":false,"type":"testDone","time":17977}
{"test":{"id":38,"name":"zh-Hant uses reference calorie and macro rows at 1.6x","suiteID":0,"groupIDs":[2],"metadata":{"skip":false,"skipReason":null},"line":174,"column":5,"url":"package:flutter_test/src/widget_tester.dart","root_line":112,"root_column":5,"root_url":"file:///G:/BIL_Project/worktrees/bil-full-preflight-20261011/test/dashboard_polish/dashboard_reference_nutrition_cards_test.dart"},"type":"testStart","time":17978}
{"testID":38,"result":"success","skipped":false,"hidden":false,"type":"testDone","time":18033}
{"test":{"id":39,"name":"ru workout tile opens videos and routines at 1.6x","suiteID":0,"groupIDs":[2],"metadata":{"skip":false,"skipReason":null},"line":174,"column":5,"url":"package:flutter_test/src/widget_tester.dart","root_line":56,"root_column":5,"root_url":"file:///G:/BIL_Project/worktrees/bil-full-preflight-20261011/test/dashboard_polish/dashboard_reference_nutrition_cards_test.dart"},"type":"testStart","time":18033}
{"testID":39,"result":"success","skipped":false,"hidden":false,"type":"testDone","time":18098}
{"test":{"id":40,"name":"ru uses reference calorie and macro rows at 1.6x","suiteID":0,"groupIDs":[2],"metadata":{"skip":false,"skipReason":null},"line":174,"column":5,"url":"package:flutter_test/src/widget_tester.dart","root_line":112,"root_column":5,"root_url":"file:///G:/BIL_Project/worktrees/bil-full-preflight-20261011/test/dashboard_polish/dashboard_reference_nutrition_cards_test.dart"},"type":"testStart","time":18098}
{"testID":40,"result":"success","skipped":false,"hidden":false,"type":"testDone","time":18152}
{"test":{"id":41,"name":"bn workout tile opens videos and routines at 1.6x","suiteID":0,"groupIDs":[2],"metadata":{"skip":false,"skipReason":null},"line":174,"column":5,"url":"package:flutter_test/src/widget_tester.dart","root_line":56,"root_column":5,"root_url":"file:///G:/BIL_Project/worktrees/bil-full-preflight-20261011/test/dashboard_polish/dashboard_reference_nutrition_cards_test.dart"},"type":"testStart","time":18152}
{"testID":41,"result":"success","skipped":false,"hidden":false,"type":"testDone","time":18220}
{"test":{"id":42,"name":"bn uses reference calorie and macro rows at 1.6x","suiteID":0,"groupIDs":[2],"metadata":{"skip":false,"skipReason":null},"line":174,"column":5,"url":"package:flutter_test/src/widget_tester.dart","root_line":112,"root_column":5,"root_url":"file:///G:/BIL_Project/worktrees/bil-full-preflight-20261011/test/dashboard_polish/dashboard_reference_nutrition_cards_test.dart"},"type":"testStart","time":18221}
{"testID":42,"result":"success","skipped":false,"hidden":false,"type":"testDone","time":18285}
{"test":{"id":43,"name":"vi workout tile opens videos and routines at 1.6x","suiteID":0,"groupIDs":[2],"metadata":{"skip":false,"skipReason":null},"line":174,"column":5,"url":"package:flutter_test/src/widget_tester.dart","root_line":56,"root_column":5,"root_url":"file:///G:/BIL_Project/worktrees/bil-full-preflight-20261011/test/dashboard_polish/dashboard_reference_nutrition_cards_test.dart"},"type":"testStart","time":18285}
{"testID":43,"result":"success","skipped":false,"hidden":false,"type":"testDone","time":18346}
{"test":{"id":44,"name":"vi uses reference calorie and macro rows at 1.6x","suiteID":0,"groupIDs":[2],"metadata":{"skip":false,"skipReason":null},"line":174,"column":5,"url":"package:flutter_test/src/widget_tester.dart","root_line":112,"root_column":5,"root_url":"file:///G:/BIL_Project/worktrees/bil-full-preflight-20261011/test/dashboard_polish/dashboard_reference_nutrition_cards_test.dart"},"type":"testStart","time":18346}
{"testID":44,"result":"success","skipped":false,"hidden":false,"type":"testDone","time":18398}
{"test":{"id":45,"name":"th workout tile opens videos and routines at 1.6x","suiteID":0,"groupIDs":[2],"metadata":{"skip":false,"skipReason":null},"line":174,"column":5,"url":"package:flutter_test/src/widget_tester.dart","root_line":56,"root_column":5,"root_url":"file:///G:/BIL_Project/worktrees/bil-full-preflight-20261011/test/dashboard_polish/dashboard_reference_nutrition_cards_test.dart"},"type":"testStart","time":18398}
{"testID":45,"result":"success","skipped":false,"hidden":false,"type":"testDone","time":18476}
{"test":{"id":46,"name":"th uses reference calorie and macro rows at 1.6x","suiteID":0,"groupIDs":[2],"metadata":{"skip":false,"skipReason":null},"line":174,"column":5,"url":"package:flutter_test/src/widget_tester.dart","root_line":112,"root_column":5,"root_url":"file:///G:/BIL_Project/worktrees/bil-full-preflight-20261011/test/dashboard_polish/dashboard_reference_nutrition_cards_test.dart"},"type":"testStart","time":18476}
{"testID":46,"result":"success","skipped":false,"hidden":false,"type":"testDone","time":18528}
{"test":{"id":47,"name":"pl workout tile opens videos and routines at 1.6x","suiteID":0,"groupIDs":[2],"metadata":{"skip":false,"skipReason":null},"line":174,"column":5,"url":"package:flutter_test/src/widget_tester.dart","root_line":56,"root_column":5,"root_url":"file:///G:/BIL_Project/worktrees/bil-full-preflight-20261011/test/dashboard_polish/dashboard_reference_nutrition_cards_test.dart"},"type":"testStart","time":18528}
{"testID":47,"result":"success","skipped":false,"hidden":false,"type":"testDone","time":18589}
{"test":{"id":48,"name":"pl uses reference calorie and macro rows at 1.6x","suiteID":0,"groupIDs":[2],"metadata":{"skip":false,"skipReason":null},"line":174,"column":5,"url":"package:flutter_test/src/widget_tester.dart","root_line":112,"root_column":5,"root_url":"file:///G:/BIL_Project/worktrees/bil-full-preflight-20261011/test/dashboard_polish/dashboard_reference_nutrition_cards_test.dart"},"type":"testStart","time":18589}
{"testID":48,"result":"success","skipped":false,"hidden":false,"type":"testDone","time":18635}
{"test":{"id":49,"name":"nl workout tile opens videos and routines at 1.6x","suiteID":0,"groupIDs":[2],"metadata":{"skip":false,"skipReason":null},"line":174,"column":5,"url":"package:flutter_test/src/widget_tester.dart","root_line":56,"root_column":5,"root_url":"file:///G:/BIL_Project/worktrees/bil-full-preflight-20261011/test/dashboard_polish/dashboard_reference_nutrition_cards_test.dart"},"type":"testStart","time":18636}
{"testID":49,"result":"success","skipped":false,"hidden":false,"type":"testDone","time":18699}
{"test":{"id":50,"name":"nl uses reference calorie and macro rows at 1.6x","suiteID":0,"groupIDs":[2],"metadata":{"skip":false,"skipReason":null},"line":174,"column":5,"url":"package:flutter_test/src/widget_tester.dart","root_line":112,"root_column":5,"root_url":"file:///G:/BIL_Project/worktrees/bil-full-preflight-20261011/test/dashboard_polish/dashboard_reference_nutrition_cards_test.dart"},"type":"testStart","time":18699}
{"testID":50,"result":"success","skipped":false,"hidden":false,"type":"testDone","time":18745}
{"test":{"id":51,"name":"uk workout tile opens videos and routines at 1.6x","suiteID":0,"groupIDs":[2],"metadata":{"skip":false,"skipReason":null},"line":174,"column":5,"url":"package:flutter_test/src/widget_tester.dart","root_line":56,"root_column":5,"root_url":"file:///G:/BIL_Project/worktrees/bil-full-preflight-20261011/test/dashboard_polish/dashboard_reference_nutrition_cards_test.dart"},"type":"testStart","time":18745}
{"testID":51,"result":"success","skipped":false,"hidden":false,"type":"testDone","time":18806}
{"test":{"id":52,"name":"uk uses reference calorie and macro rows at 1.6x","suiteID":0,"groupIDs":[2],"metadata":{"skip":false,"skipReason":null},"line":174,"column":5,"url":"package:flutter_test/src/widget_tester.dart","root_line":112,"root_column":5,"root_url":"file:///G:/BIL_Project/worktrees/bil-full-preflight-20261011/test/dashboard_polish/dashboard_reference_nutrition_cards_test.dart"},"type":"testStart","time":18806}
{"testID":52,"result":"success","skipped":false,"hidden":false,"type":"testDone","time":18853}
{"suite":{"id":53,"platform":"vm","path":"G:/BIL_Project/worktrees/bil-full-preflight-20261011/test/dashboard_polish/dashboard_polish_layout_review_test.dart"},"type":"suite","time":18909}
{"test":{"id":54,"name":"loading G:/BIL_Project/worktrees/bil-full-preflight-20261011/test/dashboard_polish/dashboard_polish_layout_review_test.dart","suiteID":53,"groupIDs":[],"metadata":{"skip":false,"skipReason":null},"line":null,"column":null,"url":null},"type":"testStart","time":18910}
{"testID":54,"result":"success","skipped":false,"hidden":true,"type":"testDone","time":20187}
{"group":{"id":55,"suiteID":53,"parentID":null,"name":"","metadata":{"skip":false,"skipReason":null},"testCount":18,"line":null,"column":null,"url":null},"type":"group","time":20188}
{"test":{"id":56,"name":"(setUpAll)","suiteID":53,"groupIDs":[55],"metadata":{"skip":false,"skipReason":null},"line":196,"column":3,"url":"file:///G:/BIL_Project/worktrees/bil-full-preflight-20261011/test/dashboard_polish/dashboard_polish_layout_review_test.dart"},"type":"testStart","time":20188}
{"testID":56,"result":"success","skipped":false,"hidden":true,"type":"testDone","time":20235}
{"test":{"id":57,"name":"en 320 at 1.0x retains all content and burned calories","suiteID":53,"groupIDs":[55],"metadata":{"skip":false,"skipReason":null},"line":174,"column":5,"url":"package:flutter_test/src/widget_tester.dart","root_line":202,"root_column":9,"root_url":"file:///G:/BIL_Project/worktrees/bil-full-preflight-20261011/test/dashboard_polish/dashboard_polish_layout_review_test.dart"},"type":"testStart","time":20236}
{"testID":57,"result":"success","skipped":false,"hidden":false,"type":"testDone","time":21611}
{"test":{"id":58,"name":"en 320 at 1.6x retains all content and burned calories","suiteID":53,"groupIDs":[55],"metadata":{"skip":false,"skipReason":null},"line":174,"column":5,"url":"package:flutter_test/src/widget_tester.dart","root_line":202,"root_column":9,"root_url":"file:///G:/BIL_Project/worktrees/bil-full-preflight-20261011/test/dashboard_polish/dashboard_polish_layout_review_test.dart"},"type":"testStart","time":21611}
{"testID":58,"result":"success","skipped":false,"hidden":false,"type":"testDone","time":21807}
{"test":{"id":59,"name":"en 320 at 2.0x retains all content and burned calories","suiteID":53,"groupIDs":[55],"metadata":{"skip":false,"skipReason":null},"line":174,"column":5,"url":"package:flutter_test/src/widget_tester.dart","root_line":202,"root_column":9,"root_url":"file:///G:/BIL_Project/worktrees/bil-full-preflight-20261011/test/dashboard_polish/dashboard_polish_layout_review_test.dart"},"type":"testStart","time":21807}
{"testID":59,"result":"success","skipped":false,"hidden":false,"type":"testDone","time":21963}
{"test":{"id":60,"name":"en 390 at 1.0x retains all content and burned calories","suiteID":53,"groupIDs":[55],"metadata":{"skip":false,"skipReason":null},"line":174,"column":5,"url":"package:flutter_test/src/widget_tester.dart","root_line":202,"root_column":9,"root_url":"file:///G:/BIL_Project/worktrees/bil-full-preflight-20261011/test/dashboard_polish/dashboard_polish_layout_review_test.dart"},"type":"testStart","time":21963}
{"testID":60,"result":"success","skipped":false,"hidden":false,"type":"testDone","time":22111}
{"test":{"id":61,"name":"en 390 at 1.6x retains all content and burned calories","suiteID":53,"groupIDs":[55],"metadata":{"skip":false,"skipReason":null},"line":174,"column":5,"url":"package:flutter_test/src/widget_tester.dart","root_line":202,"root_column":9,"root_url":"file:///G:/BIL_Project/worktrees/bil-full-preflight-20261011/test/dashboard_polish/dashboard_polish_layout_review_test.dart"},"type":"testStart","time":22112}
{"testID":61,"result":"success","skipped":false,"hidden":false,"type":"testDone","time":22261}
{"test":{"id":62,"name":"en 390 at 2.0x retains all content and burned calories","suiteID":53,"groupIDs":[55],"metadata":{"skip":false,"skipReason":null},"line":174,"column":5,"url":"package:flutter_test/src/widget_tester.dart","root_line":202,"root_column":9,"root_url":"file:///G:/BIL_Project/worktrees/bil-full-preflight-20261011/test/dashboard_polish/dashboard_polish_layout_review_test.dart"},"type":"testStart","time":22261}
{"testID":62,"result":"success","skipped":false,"hidden":false,"type":"testDone","time":22401}
{"test":{"id":63,"name":"en 430 at 1.0x retains all content and burned calories","suiteID":53,"groupIDs":[55],"metadata":{"skip":false,"skipReason":null},"line":174,"column":5,"url":"package:flutter_test/src/widget_tester.dart","root_line":202,"root_column":9,"root_url":"file:///G:/BIL_Project/worktrees/bil-full-preflight-20261011/test/dashboard_polish/dashboard_polish_layout_review_test.dart"},"type":"testStart","time":22401}
{"testID":63,"result":"success","skipped":false,"hidden":false,"type":"testDone","time":22550}
{"test":{"id":64,"name":"en 430 at 1.6x retains all content and burned calories","suiteID":53,"groupIDs":[55],"metadata":{"skip":false,"skipReason":null},"line":174,"column":5,"url":"package:flutter_test/src/widget_tester.dart","root_line":202,"root_column":9,"root_url":"file:///G:/BIL_Project/worktrees/bil-full-preflight-20261011/test/dashboard_polish/dashboard_polish_layout_review_test.dart"},"type":"testStart","time":22550}
{"testID":64,"result":"success","skipped":false,"hidden":false,"type":"testDone","time":22694}
{"test":{"id":65,"name":"en 430 at 2.0x retains all content and burned calories","suiteID":53,"groupIDs":[55],"metadata":{"skip":false,"skipReason":null},"line":174,"column":5,"url":"package:flutter_test/src/widget_tester.dart","root_line":202,"root_column":9,"root_url":"file:///G:/BIL_Project/worktrees/bil-full-preflight-20261011/test/dashboard_polish/dashboard_polish_layout_review_test.dart"},"type":"testStart","time":22695}
{"testID":65,"result":"success","skipped":false,"hidden":false,"type":"testDone","time":22821}
{"test":{"id":66,"name":"ar 320 at 1.0x retains all content and burned calories","suiteID":53,"groupIDs":[55],"metadata":{"skip":false,"skipReason":null},"line":174,"column":5,"url":"package:flutter_test/src/widget_tester.dart","root_line":202,"root_column":9,"root_url":"file:///G:/BIL_Project/worktrees/bil-full-preflight-20261011/test/dashboard_polish/dashboard_polish_layout_review_test.dart"},"type":"testStart","time":22821}
{"testID":66,"result":"success","skipped":false,"hidden":false,"type":"testDone","time":22963}
{"test":{"id":67,"name":"ar 320 at 1.6x retains all content and burned calories","suiteID":53,"groupIDs":[55],"metadata":{"skip":false,"skipReason":null},"line":174,"column":5,"url":"package:flutter_test/src/widget_tester.dart","root_line":202,"root_column":9,"root_url":"file:///G:/BIL_Project/worktrees/bil-full-preflight-20261011/test/dashboard_polish/dashboard_polish_layout_review_test.dart"},"type":"testStart","time":22963}
{"testID":67,"result":"success","skipped":false,"hidden":false,"type":"testDone","time":23087}
{"test":{"id":68,"name":"ar 320 at 2.0x retains all content and burned calories","suiteID":53,"groupIDs":[55],"metadata":{"skip":false,"skipReason":null},"line":174,"column":5,"url":"package:flutter_test/src/widget_tester.dart","root_line":202,"root_column":9,"root_url":"file:///G:/BIL_Project/worktrees/bil-full-preflight-20261011/test/dashboard_polish/dashboard_polish_layout_review_test.dart"},"type":"testStart","time":23088}
{"testID":68,"result":"success","skipped":false,"hidden":false,"type":"testDone","time":23200}
{"test":{"id":69,"name":"ar 390 at 1.0x retains all content and burned calories","suiteID":53,"groupIDs":[55],"metadata":{"skip":false,"skipReason":null},"line":174,"column":5,"url":"package:flutter_test/src/widget_tester.dart","root_line":202,"root_column":9,"root_url":"file:///G:/BIL_Project/worktrees/bil-full-preflight-20261011/test/dashboard_polish/dashboard_polish_layout_review_test.dart"},"type":"testStart","time":23200}
{"testID":69,"result":"success","skipped":false,"hidden":false,"type":"testDone","time":23319}
{"test":{"id":70,"name":"ar 390 at 1.6x retains all content and burned calories","suiteID":53,"groupIDs":[55],"metadata":{"skip":false,"skipReason":null},"line":174,"column":5,"url":"package:flutter_test/src/widget_tester.dart","root_line":202,"root_column":9,"root_url":"file:///G:/BIL_Project/worktrees/bil-full-preflight-20261011/test/dashboard_polish/dashboard_polish_layout_review_test.dart"},"type":"testStart","time":23320}
{"testID":70,"result":"success","skipped":false,"hidden":false,"type":"testDone","time":23426}
{"test":{"id":71,"name":"ar 390 at 2.0x retains all content and burned calories","suiteID":53,"groupIDs":[55],"metadata":{"skip":false,"skipReason":null},"line":174,"column":5,"url":"package:flutter_test/src/widget_tester.dart","root_line":202,"root_column":9,"root_url":"file:///G:/BIL_Project/worktrees/bil-full-preflight-20261011/test/dashboard_polish/dashboard_polish_layout_review_test.dart"},"type":"testStart","time":23426}
{"testID":71,"result":"success","skipped":false,"hidden":false,"type":"testDone","time":23529}
{"test":{"id":72,"name":"ar 430 at 1.0x retains all content and burned calories","suiteID":53,"groupIDs":[55],"metadata":{"skip":false,"skipReason":null},"line":174,"column":5,"url":"package:flutter_test/src/widget_tester.dart","root_line":202,"root_column":9,"root_url":"file:///G:/BIL_Project/worktrees/bil-full-preflight-20261011/test/dashboard_polish/dashboard_polish_layout_review_test.dart"},"type":"testStart","time":23529}
{"testID":72,"result":"success","skipped":false,"hidden":false,"type":"testDone","time":23630}
{"test":{"id":73,"name":"ar 430 at 1.6x retains all content and burned calories","suiteID":53,"groupIDs":[55],"metadata":{"skip":false,"skipReason":null},"line":174,"column":5,"url":"package:flutter_test/src/widget_tester.dart","root_line":202,"root_column":9,"root_url":"file:///G:/BIL_Project/worktrees/bil-full-preflight-20261011/test/dashboard_polish/dashboard_polish_layout_review_test.dart"},"type":"testStart","time":23630}
{"testID":73,"result":"success","skipped":false,"hidden":false,"type":"testDone","time":23733}
{"test":{"id":74,"name":"ar 430 at 2.0x retains all content and burned calories","suiteID":53,"groupIDs":[55],"metadata":{"skip":false,"skipReason":null},"line":174,"column":5,"url":"package:flutter_test/src/widget_tester.dart","root_line":202,"root_column":9,"root_url":"file:///G:/BIL_Project/worktrees/bil-full-preflight-20261011/test/dashboard_polish/dashboard_polish_layout_review_test.dart"},"type":"testStart","time":23734}
{"testID":74,"result":"success","skipped":false,"hidden":false,"type":"testDone","time":23828}
{"test":{"id":75,"name":"(tearDownAll)","suiteID":53,"groupIDs":[55],"metadata":{"skip":false,"skipReason":null},"line":null,"column":null,"url":null},"type":"testStart","time":23829}
{"testID":75,"result":"success","skipped":false,"hidden":true,"type":"testDone","time":23830}
{"suite":{"id":76,"platform":"vm","path":"G:/BIL_Project/worktrees/bil-full-preflight-20261011/test/features/dashboard/composition/dashboard_unknown_nutrition_flow_test.dart"},"type":"suite","time":23872}
{"test":{"id":77,"name":"loading G:/BIL_Project/worktrees/bil-full-preflight-20261011/test/features/dashboard/composition/dashboard_unknown_nutrition_flow_test.dart","suiteID":76,"groupIDs":[],"metadata":{"skip":false,"skipReason":null},"line":null,"column":null,"url":null},"type":"testStart","time":23872}
{"testID":77,"result":"success","skipped":false,"hidden":true,"type":"testDone","time":25136}
{"group":{"id":78,"suiteID":76,"parentID":null,"name":"","metadata":{"skip":false,"skipReason":null},"testCount":15,"line":null,"column":null,"url":null},"type":"group","time":25137}
{"test":{"id":79,"name":"en real Dashboard shows unknown macros after1905 commit","suiteID":76,"groupIDs":[78],"metadata":{"skip":false,"skipReason":null},"line":174,"column":5,"url":"package:flutter_test/src/widget_tester.dart","root_line":156,"root_column":3,"root_url":"file:///G:/BIL_Project/worktrees/bil-full-preflight-20261011/test/features/dashboard/composition/dashboard_unknown_nutrition_flow_test.dart"},"type":"testStart","time":25137}
{"testID":79,"result":"success","skipped":false,"hidden":false,"type":"testDone","time":26575}
{"test":{"id":80,"name":"en actual calorie net and remaining stay unknown","suiteID":76,"groupIDs":[78],"metadata":{"skip":false,"skipReason":null},"line":174,"column":5,"url":"package:flutter_test/src/widget_tester.dart","root_line":156,"root_column":3,"root_url":"file:///G:/BIL_Project/worktrees/bil-full-preflight-20261011/test/features/dashboard/composition/dashboard_unknown_nutrition_flow_test.dart"},"type":"testStart","time":26575}
{"testID":80,"result":"success","skipped":false,"hidden":false,"type":"testDone","time":26805}
{"test":{"id":81,"name":"ar real Dashboard shows unknown macros after1905 commit","suiteID":76,"groupIDs":[78],"metadata":{"skip":false,"skipReason":null},"line":174,"column":5,"url":"package:flutter_test/src/widget_tester.dart","root_line":156,"root_column":3,"root_url":"file:///G:/BIL_Project/worktrees/bil-full-preflight-20261011/test/features/dashboard/composition/dashboard_unknown_nutrition_flow_test.dart"},"type":"testStart","time":26805}
{"testID":81,"messageType":"print","message":"Missing reviewed runtime translation: ar: Body Twin accepted your first trusted baseline at 87.0 kg. This describes your current recorded state; it does not claim a trend yet.","type":"print","time":27004}
{"testID":81,"result":"success","skipped":false,"hidden":false,"type":"testDone","time":27004}
{"test":{"id":82,"name":"ar actual calorie net and remaining stay unknown","suiteID":76,"groupIDs":[78],"metadata":{"skip":false,"skipReason":null},"line":174,"column":5,"url":"package:flutter_test/src/widget_tester.dart","root_line":156,"root_column":3,"root_url":"file:///G:/BIL_Project/worktrees/bil-full-preflight-20261011/test/features/dashboard/composition/dashboard_unknown_nutrition_flow_test.dart"},"type":"testStart","time":27004}
{"testID":82,"messageType":"print","message":"Missing reviewed runtime translation: ar: Body Twin accepted your first trusted baseline at 87.0 kg. This describes your current recorded state; it does not claim a trend yet.","type":"print","time":27183}
{"testID":82,"result":"success","skipped":false,"hidden":false,"type":"testDone","time":27183}
{"test":{"id":83,"name":"real Dashboard preserves explicit core zero and empty ledger zero","suiteID":76,"groupIDs":[78],"metadata":{"skip":false,"skipReason":null},"line":174,"column":5,"url":"package:flutter_test/src/widget_tester.dart","root_line":156,"root_column":3,"root_url":"file:///G:/BIL_Project/worktrees/bil-full-preflight-20261011/test/features/dashboard/composition/dashboard_unknown_nutrition_flow_test.dart"},"type":"testStart","time":27184}
{"testID":83,"result":"success","skipped":false,"hidden":false,"type":"testDone","time":27474}
{"test":{"id":84,"name":"1905 committed calories do not become zero Dashboard macros","suiteID":76,"groupIDs":[78],"metadata":{"skip":false,"skipReason":null},"line":158,"column":3,"url":"file:///G:/BIL_Project/worktrees/bil-full-preflight-20261011/test/features/dashboard/composition/dashboard_unknown_nutrition_flow_test.dart"},"type":"testStart","time":27475}
{"testID":84,"result":"success","skipped":false,"hidden":false,"type":"testDone","time":27496}
{"test":{"id":85,"name":"macro-only commit keeps Dashboard and historical calories unknown","suiteID":76,"groupIDs":[78],"metadata":{"skip":false,"skipReason":null},"line":189,"column":3,"url":"file:///G:/BIL_Project/worktrees/bil-full-preflight-20261011/test/features/dashboard/composition/dashboard_unknown_nutrition_flow_test.dart"},"type":"testStart","time":27497}
{"testID":85,"result":"success","skipped":false,"hidden":false,"type":"testDone","time":27516}
{"test":{"id":86,"name":"mixed history stays unknown when known meal is last","suiteID":76,"groupIDs":[78],"metadata":{"skip":false,"skipReason":null},"line":206,"column":5,"url":"file:///G:/BIL_Project/worktrees/bil-full-preflight-20261011/test/features/dashboard/composition/dashboard_unknown_nutrition_flow_test.dart"},"type":"testStart","time":27516}
{"testID":86,"result":"success","skipped":false,"hidden":false,"type":"testDone","time":27550}
{"test":{"id":87,"name":"mixed history stays unknown when known meal is first","suiteID":76,"groupIDs":[78],"metadata":{"skip":false,"skipReason":null},"line":206,"column":5,"url":"file:///G:/BIL_Project/worktrees/bil-full-preflight-20261011/test/features/dashboard/composition/dashboard_unknown_nutrition_flow_test.dart"},"type":"testStart","time":27551}
{"testID":87,"result":"success","skipped":false,"hidden":false,"type":"testDone","time":27593}
{"test":{"id":88,"name":"legacy source core zeros remain known without modern evidence bits","suiteID":76,"groupIDs":[78],"metadata":{"skip":false,"skipReason":null},"line":223,"column":3,"url":"file:///G:/BIL_Project/worktrees/bil-full-preflight-20261011/test/features/dashboard/composition/dashboard_unknown_nutrition_flow_test.dart"},"type":"testStart","time":27593}
{"testID":88,"result":"success","skipped":false,"hidden":false,"type":"testDone","time":27620}
{"test":{"id":89,"name":"modern explicitly known zero remains distinct from an omitted value","suiteID":76,"groupIDs":[78],"metadata":{"skip":false,"skipReason":null},"line":240,"column":3,"url":"file:///G:/BIL_Project/worktrees/bil-full-preflight-20261011/test/features/dashboard/composition/dashboard_unknown_nutrition_flow_test.dart"},"type":"testStart","time":27620}
{"testID":89,"result":"success","skipped":false,"hidden":false,"type":"testDone","time":27640}
{"test":{"id":90,"name":"repository day analysis abstains from unknown calorie and macro ratios","suiteID":76,"groupIDs":[78],"metadata":{"skip":false,"skipReason":null},"line":267,"column":3,"url":"file:///G:/BIL_Project/worktrees/bil-full-preflight-20261011/test/features/dashboard/composition/dashboard_unknown_nutrition_flow_test.dart"},"type":"testStart","time":27641}
{"testID":90,"result":"success","skipped":false,"hidden":false,"type":"testDone","time":27657}
{"test":{"id":91,"name":"repository day analysis never reports a fabricated protein deficit","suiteID":76,"groupIDs":[78],"metadata":{"skip":false,"skipReason":null},"line":287,"column":3,"url":"file:///G:/BIL_Project/worktrees/bil-full-preflight-20261011/test/features/dashboard/composition/dashboard_unknown_nutrition_flow_test.dart"},"type":"testStart","time":27657}
{"testID":91,"result":"success","skipped":false,"hidden":false,"type":"testDone","time":27675}
{"test":{"id":92,"name":"partial core evidence exposes its subtotal only through the report","suiteID":76,"groupIDs":[78],"metadata":{"skip":false,"skipReason":null},"line":305,"column":3,"url":"file:///G:/BIL_Project/worktrees/bil-full-preflight-20261011/test/features/dashboard/composition/dashboard_unknown_nutrition_flow_test.dart"},"type":"testStart","time":27675}
{"testID":92,"result":"success","skipped":false,"hidden":false,"type":"testDone","time":27699}
{"test":{"id":93,"name":"unmarked downloaded zero is unknown while nonzero legacy cores remain known","suiteID":76,"groupIDs":[78],"metadata":{"skip":false,"skipReason":null},"line":326,"column":3,"url":"file:///G:/BIL_Project/worktrees/bil-full-preflight-20261011/test/features/dashboard/composition/dashboard_unknown_nutrition_flow_test.dart"},"type":"testStart","time":27699}
{"testID":93,"result":"success","skipped":false,"hidden":false,"type":"testDone","time":27718}
{"suite":{"id":94,"platform":"vm","path":"G:/BIL_Project/worktrees/bil-full-preflight-20261011/test/dashboard_polish/dashboard_current_preview_test.dart"},"type":"suite","time":27757}
{"test":{"id":95,"name":"loading G:/BIL_Project/worktrees/bil-full-preflight-20261011/test/dashboard_polish/dashboard_current_preview_test.dart","suiteID":94,"groupIDs":[],"metadata":{"skip":false,"skipReason":null},"line":null,"column":null,"url":null},"type":"testStart","time":27758}
{"testID":95,"result":"success","skipped":false,"hidden":true,"type":"testDone","time":29455}
{"group":{"id":96,"suiteID":94,"parentID":null,"name":"","metadata":{"skip":false,"skipReason":null},"testCount":2,"line":null,"column":null,"url":null},"type":"group","time":29455}
{"test":{"id":97,"name":"(setUpAll)","suiteID":94,"groupIDs":[96],"metadata":{"skip":false,"skipReason":null},"line":129,"column":3,"url":"file:///G:/BIL_Project/worktrees/bil-full-preflight-20261011/test/dashboard_polish/dashboard_current_preview_test.dart"},"type":"testStart","time":29456}
{"testID":97,"result":"success","skipped":false,"hidden":true,"type":"testDone","time":29504}
{"test":{"id":98,"name":"en current production dashboard and dock preview","suiteID":94,"groupIDs":[96],"metadata":{"skip":false,"skipReason":null},"line":174,"column":5,"url":"package:flutter_test/src/widget_tester.dart","root_line":133,"root_column":5,"root_url":"file:///G:/BIL_Project/worktrees/bil-full-preflight-20261011/test/dashboard_polish/dashboard_current_preview_test.dart"},"type":"testStart","time":29504}
{"testID":98,"result":"success","skipped":false,"hidden":false,"type":"testDone","time":31532}
{"test":{"id":99,"name":"ar current production dashboard and dock preview","suiteID":94,"groupIDs":[96],"metadata":{"skip":false,"skipReason":null},"line":174,"column":5,"url":"package:flutter_test/src/widget_tester.dart","root_line":133,"root_column":5,"root_url":"file:///G:/BIL_Project/worktrees/bil-full-preflight-20261011/test/dashboard_polish/dashboard_current_preview_test.dart"},"type":"testStart","time":31532}
{"testID":99,"messageType":"print","message":"Missing reviewed runtime translation: ar: Body Twin accepted your first trusted baseline at 87.0 kg. This describes your current recorded state; it does not claim a trend yet.","type":"print","time":31959}
{"testID":99,"messageType":"print","message":"Missing reviewed runtime translation: ar: Body Twin accepted your first trusted baseline at 87.0 kg. This describes your current recorded state; it does not claim a trend yet.","type":"print","time":31960}
{"testID":99,"result":"success","skipped":false,"hidden":false,"type":"testDone","time":31960}
{"test":{"id":100,"name":"(tearDownAll)","suiteID":94,"groupIDs":[96],"metadata":{"skip":false,"skipReason":null},"line":null,"column":null,"url":null},"type":"testStart","time":31960}
{"testID":100,"result":"success","skipped":false,"hidden":true,"type":"testDone","time":31962}
{"success":true,"type":"done","time":32006}
