Command: flutter test --no-pub --timeout=3m test/features/commerce/verified_entitlement_surface_contract_test.dart test/features/wellness/recipe_library_polish_test.dart test/features/wellness/workout_reference_golden_test.dart --reporter=json --concurrency=1

{"protocolVersion":"0.1.1","runnerVersion":"1.31.0","pid":23972,"type":"start","time":0}
{"suite":{"id":0,"platform":"vm","path":"G:/BIL_Project/worktrees/bil-full-preflight-20261011/test/features/commerce/verified_entitlement_surface_contract_test.dart"},"type":"suite","time":0}
{"test":{"id":1,"name":"loading G:/BIL_Project/worktrees/bil-full-preflight-20261011/test/features/commerce/verified_entitlement_surface_contract_test.dart","suiteID":0,"groupIDs":[],"metadata":{"skip":false,"skipReason":null},"line":null,"column":null,"url":null},"type":"testStart","time":1}
{"count":3,"time":5,"type":"allSuites"}
{"testID":1,"result":"success","skipped":false,"hidden":true,"type":"testDone","time":4036}
{"group":{"id":2,"suiteID":0,"parentID":null,"name":"","metadata":{"skip":false,"skipReason":null},"testCount":5,"line":null,"column":null,"url":null},"type":"group","time":4039}
{"test":{"id":3,"name":"premium labels and AdGate consume verified entitlement only","suiteID":0,"groupIDs":[2],"metadata":{"skip":false,"skipReason":null},"line":6,"column":3,"url":"file:///G:/BIL_Project/worktrees/bil-full-preflight-20261011/test/features/commerce/verified_entitlement_surface_contract_test.dart"},"type":"testStart","time":4040}
{"testID":3,"result":"success","skipped":false,"hidden":false,"type":"testDone","time":4068}
{"test":{"id":4,"name":"server entitlement fails closed before Supabase is initialized","suiteID":0,"groupIDs":[2],"metadata":{"skip":false,"skipReason":null},"line":41,"column":3,"url":"file:///G:/BIL_Project/worktrees/bil-full-preflight-20261011/test/features/commerce/verified_entitlement_surface_contract_test.dart"},"type":"testStart","time":4069}
{"testID":4,"result":"success","skipped":false,"hidden":false,"type":"testDone","time":4072}
{"test":{"id":5,"name":"verified entitlement follows the Supabase owner lifecycle","suiteID":0,"groupIDs":[2],"metadata":{"skip":false,"skipReason":null},"line":53,"column":3,"url":"file:///G:/BIL_Project/worktrees/bil-full-preflight-20261011/test/features/commerce/verified_entitlement_surface_contract_test.dart"},"type":"testStart","time":4072}
{"testID":5,"result":"success","skipped":false,"hidden":false,"type":"testDone","time":4075}
{"test":{"id":6,"name":"dashboard keeps local truth visible while entitlement resolves","suiteID":0,"groupIDs":[2],"metadata":{"skip":false,"skipReason":null},"line":65,"column":3,"url":"file:///G:/BIL_Project/worktrees/bil-full-preflight-20261011/test/features/commerce/verified_entitlement_surface_contract_test.dart"},"type":"testStart","time":4075}
{"testID":6,"result":"success","skipped":false,"hidden":false,"type":"testDone","time":4077}
{"test":{"id":7,"name":"closed-test grant is a server-owned Premium AI Coach overlay","suiteID":0,"groupIDs":[2],"metadata":{"skip":false,"skipReason":null},"line":79,"column":3,"url":"file:///G:/BIL_Project/worktrees/bil-full-preflight-20261011/test/features/commerce/verified_entitlement_surface_contract_test.dart"},"type":"testStart","time":4078}
{"testID":7,"result":"success","skipped":false,"hidden":false,"type":"testDone","time":4093}
{"suite":{"id":8,"platform":"vm","path":"G:/BIL_Project/worktrees/bil-full-preflight-20261011/test/features/wellness/recipe_library_polish_test.dart"},"type":"suite","time":4118}
{"test":{"id":9,"name":"loading G:/BIL_Project/worktrees/bil-full-preflight-20261011/test/features/wellness/recipe_library_polish_test.dart","suiteID":8,"groupIDs":[],"metadata":{"skip":false,"skipReason":null},"line":null,"column":null,"url":null},"type":"testStart","time":4119}
{"testID":9,"result":"success","skipped":false,"hidden":true,"type":"testDone","time":5274}
{"group":{"id":10,"suiteID":8,"parentID":null,"name":"","metadata":{"skip":false,"skipReason":null},"testCount":3,"line":null,"column":null,"url":null},"type":"group","time":5275}
{"test":{"id":11,"name":"(setUpAll)","suiteID":8,"groupIDs":[10],"metadata":{"skip":false,"skipReason":null},"line":26,"column":3,"url":"file:///G:/BIL_Project/worktrees/bil-full-preflight-20261011/test/features/wellness/recipe_library_polish_test.dart"},"type":"testStart","time":5275}
{"testID":11,"result":"success","skipped":false,"hidden":true,"type":"testDone","time":5673}
{"test":{"id":12,"name":"promotes a verified remote resolver file into the card","suiteID":8,"groupIDs":[10],"metadata":{"skip":false,"skipReason":null},"line":174,"column":5,"url":"package:flutter_test/src/widget_tester.dart","root_line":36,"root_column":3,"root_url":"file:///G:/BIL_Project/worktrees/bil-full-preflight-20261011/test/features/wellness/recipe_library_polish_test.dart"},"type":"testStart","time":5674}
{"testID":12,"result":"success","skipped":false,"hidden":false,"type":"testDone","time":7140}
{"test":{"id":13,"name":"uses exact local art and verified nutrition on a real card","suiteID":8,"groupIDs":[10],"metadata":{"skip":false,"skipReason":null},"line":174,"column":5,"url":"package:flutter_test/src/widget_tester.dart","root_line":80,"root_column":3,"root_url":"file:///G:/BIL_Project/worktrees/bil-full-preflight-20261011/test/features/wellness/recipe_library_polish_test.dart"},"type":"testStart","time":7140}
{"testID":13,"messageType":"print","message":"══╡ EXCEPTION CAUGHT BY FLUTTER TEST FRAMEWORK ╞════════════════════════════════════════════════════\nThe following assertion was thrown while running async test code:\nGolden \"goldens/recipe_library_polish_phone.png\": Pixel test failed, 98.45%, 324058px diff detected.\nFailure feedback can be found at\n/G:/BIL_Project/worktrees/bil-full-preflight-20261011/test/features/wellness/failures\n\nWhen the exception was thrown, this was the stack:\n#0      LocalFileComparator.compare (package:flutter_test/src/_goldens_io.dart:108:5)\n<asynchronous suspension>\n#1      MatchesGoldenFile.matchAsync.<anonymous closure> (package:flutter_test/src/_matchers_io.dart:124:32)\n<asynchronous suspension>\n<asynchronous suspension>\n#3      _expect.<anonymous closure> (package:matcher/src/expect/expect.dart:153:17)\n<asynchronous suspension>\n<asynchronous suspension>\n#5      expectLater.<anonymous closure> (package:flutter_test/src/widget_tester.dart:508:19)\n<asynchronous suspension>\n#6      main.<anonymous closure> (file:///G:/BIL_Project/worktrees/bil-full-preflight-20261011/test/features/wellness/recipe_library_polish_test.dart:130:5)\n<asynchronous suspension>\n#7      testWidgets.<anonymous closure>.<anonymous closure> (package:flutter_test/src/widget_tester.dart:192:15)\n<asynchronous suspension>\n#8      TestWidgetsFlutterBinding._runTestBody (package:flutter_test/src/binding.dart:1952:5)\n<asynchronous suspension>\n<asynchronous suspension>\n(elided 3 frames from dart:async and package:stack_trace)\n\nThe exception was caught asynchronously.\n════════════════════════════════════════════════════════════════════════════════════════════════════","type":"print","time":7600}
{"testID":13,"error":"Test failed. See exception logs above.\nThe test description was: uses exact local art and verified nutrition on a real card","stackTrace":"","isFailure":false,"type":"error","time":7601}
{"testID":13,"messageType":"print","message":"Warning: At least one test in this suite creates an HttpClient. When running a test suite that uses\nTestWidgetsFlutterBinding, all HTTP requests will return status code 400, and no network request\nwill actually be made. Any test expecting a real network connection and status code will fail.\nTo test code that needs an HttpClient, provide your own HttpClient implementation to the code under\ntest, so that your test can consistently provide a testable response to the code under test.","type":"print","time":7602}
{"testID":13,"result":"error","skipped":false,"hidden":false,"type":"testDone","time":7602}
{"test":{"id":14,"name":"grid adapts from one to two columns at large text scale","suiteID":8,"groupIDs":[10],"metadata":{"skip":false,"skipReason":null},"line":174,"column":5,"url":"package:flutter_test/src/widget_tester.dart","root_line":136,"root_column":3,"root_url":"file:///G:/BIL_Project/worktrees/bil-full-preflight-20261011/test/features/wellness/recipe_library_polish_test.dart"},"type":"testStart","time":7602}
{"testID":14,"result":"success","skipped":false,"hidden":false,"type":"testDone","time":8018}
{"test":{"id":15,"name":"(tearDownAll)","suiteID":8,"groupIDs":[10],"metadata":{"skip":false,"skipReason":null},"line":null,"column":null,"url":null},"type":"testStart","time":8018}
{"testID":15,"result":"success","skipped":false,"hidden":true,"type":"testDone","time":8020}
{"suite":{"id":16,"platform":"vm","path":"G:/BIL_Project/worktrees/bil-full-preflight-20261011/test/features/wellness/workout_reference_golden_test.dart"},"type":"suite","time":8064}
{"test":{"id":17,"name":"loading G:/BIL_Project/worktrees/bil-full-preflight-20261011/test/features/wellness/workout_reference_golden_test.dart","suiteID":16,"groupIDs":[],"metadata":{"skip":false,"skipReason":null},"line":null,"column":null,"url":null},"type":"testStart","time":8064}
{"testID":17,"result":"success","skipped":false,"hidden":true,"type":"testDone","time":9226}
{"group":{"id":18,"suiteID":16,"parentID":null,"name":"","metadata":{"skip":false,"skipReason":null},"testCount":3,"line":null,"column":null,"url":null},"type":"group","time":9226}
{"test":{"id":19,"name":"(setUpAll)","suiteID":16,"groupIDs":[18],"metadata":{"skip":false,"skipReason":null},"line":15,"column":3,"url":"file:///G:/BIL_Project/worktrees/bil-full-preflight-20261011/test/features/wellness/workout_reference_golden_test.dart"},"type":"testStart","time":9226}
{"testID":19,"result":"success","skipped":false,"hidden":true,"type":"testDone","time":9277}
{"test":{"id":20,"name":"exercise chooser matches the compact reference hierarchy","suiteID":16,"groupIDs":[18],"metadata":{"skip":false,"skipReason":null},"line":174,"column":5,"url":"package:flutter_test/src/widget_tester.dart","root_line":60,"root_column":3,"root_url":"file:///G:/BIL_Project/worktrees/bil-full-preflight-20261011/test/features/wellness/workout_reference_golden_test.dart"},"type":"testStart","time":9277}
{"testID":20,"result":"success","skipped":false,"hidden":false,"type":"testDone","time":10105}
{"test":{"id":21,"name":"exercise chooser remains distinct in Arabic dark mode","suiteID":16,"groupIDs":[18],"metadata":{"skip":false,"skipReason":null},"line":174,"column":5,"url":"package:flutter_test/src/widget_tester.dart","root_line":78,"root_column":3,"root_url":"file:///G:/BIL_Project/worktrees/bil-full-preflight-20261011/test/features/wellness/workout_reference_golden_test.dart"},"type":"testStart","time":10105}
{"testID":21,"result":"success","skipped":false,"hidden":false,"type":"testDone","time":10188}
{"test":{"id":22,"name":"unconfigured routine library is visibly honest and offline","suiteID":16,"groupIDs":[18],"metadata":{"skip":false,"skipReason":null},"line":174,"column":5,"url":"package:flutter_test/src/widget_tester.dart","root_line":96,"root_column":3,"root_url":"file:///G:/BIL_Project/worktrees/bil-full-preflight-20261011/test/features/wellness/workout_reference_golden_test.dart"},"type":"testStart","time":10189}
{"testID":22,"messageType":"print","message":"══╡ EXCEPTION CAUGHT BY FLUTTER TEST FRAMEWORK ╞════════════════════════════════════════════════════\nThe following assertion was thrown while running async test code:\nGolden \"../../goldens/workouts/workout_library_offline_empty_phone.png\": Pixel test failed, 90.83%,\n298980px diff detected.\nFailure feedback can be found at\n/G:/BIL_Project/worktrees/bil-full-preflight-20261011/test/features/wellness/failures\n\nWhen the exception was thrown, this was the stack:\n#0      LocalFileComparator.compare (package:flutter_test/src/_goldens_io.dart:108:5)\n<asynchronous suspension>\n#1      MatchesGoldenFile.matchAsync.<anonymous closure> (package:flutter_test/src/_matchers_io.dart:124:32)\n<asynchronous suspension>\n<asynchronous suspension>\n#3      _expect.<anonymous closure> (package:matcher/src/expect/expect.dart:153:17)\n<asynchronous suspension>\n<asynchronous suspension>\n#5      expectLater.<anonymous closure> (package:flutter_test/src/widget_tester.dart:508:19)\n<asynchronous suspension>\n#6      main.<anonymous closure> (file:///G:/BIL_Project/worktrees/bil-full-preflight-20261011/test/features/wellness/workout_reference_golden_test.dart:109:5)\n<asynchronous suspension>\n#7      testWidgets.<anonymous closure>.<anonymous closure> (package:flutter_test/src/widget_tester.dart:192:15)\n<asynchronous suspension>\n#8      TestWidgetsFlutterBinding._runTestBody (package:flutter_test/src/binding.dart:1952:5)\n<asynchronous suspension>\n<asynchronous suspension>\n(elided 3 frames from dart:async and package:stack_trace)\n\nThe exception was caught asynchronously.\n════════════════════════════════════════════════════════════════════════════════════════════════════","type":"print","time":11016}
{"testID":22,"error":"Test failed. See exception logs above.\nThe test description was: unconfigured routine library is visibly honest and offline","stackTrace":"","isFailure":false,"type":"error","time":11017}
{"testID":22,"result":"error","skipped":false,"hidden":false,"type":"testDone","time":11017}
{"test":{"id":23,"name":"(tearDownAll)","suiteID":16,"groupIDs":[18],"metadata":{"skip":false,"skipReason":null},"line":null,"column":null,"url":null},"type":"testStart","time":11017}
{"testID":23,"result":"success","skipped":false,"hidden":true,"type":"testDone","time":11020}
{"success":false,"type":"done","time":11078}
