Command: flutter test --no-pub --timeout=3m test/dashboard_polish/dashboard_polish_layout_review_test.dart

00:00 +0: loading G:/BIL_Project/worktrees/bil-test-only-20261010/test/dashboard_polish/dashboard_polish_layout_review_test.dart
00:00 +0: (setUpAll)
00:00 +0: en 320 at 1.0x retains all content and burned calories
00:01 +1: en 320 at 1.6x retains all content and burned calories
00:01 +2: en 320 at 2.0x retains all content and burned calories
00:01 +3: en 390 at 1.0x retains all content and burned calories
00:01 +4: en 390 at 1.6x retains all content and burned calories
00:02 +5: en 390 at 2.0x retains all content and burned calories
00:02 +6: en 430 at 1.0x retains all content and burned calories
00:02 +7: en 430 at 1.6x retains all content and burned calories
00:02 +8: en 430 at 2.0x retains all content and burned calories
00:02 +9: ar 320 at 1.0x retains all content and burned calories
00:02 +10: ar 320 at 1.6x retains all content and burned calories
00:02 +11: ar 320 at 2.0x retains all content and burned calories
00:02 +12: ar 390 at 1.0x retains all content and burned calories
00:03 +13: ar 390 at 1.6x retains all content and burned calories
00:03 +14: ar 390 at 2.0x retains all content and burned calories
00:03 +15: ar 430 at 1.0x retains all content and burned calories
00:03 +16: ar 430 at 1.6x retains all content and burned calories
00:03 +17: ar 430 at 2.0x retains all content and burned calories
00:03 +18: (tearDownAll)
00:03 +18: All tests passed!
