00:00 +0: loading G:/BIL_Project/worktrees/bil-test-only-20261010/test/features/nutrition/meal_vision_final_portion_test.dart
00:00 +0: (setUpAll)
00:00 +0: cancel final review returns no selection and no substitute photo
00:01 +1: final edited portion returns the food and exact commit basis

Warning: A call to tap() with finder "Found 1 widget with widget matching predicate: [
  RawTooltip-[LabeledGlobalKey<RawTooltipState>#6dfb7]("إغلاق الصورة", hover delay: 0:00:00.000000, touch delay: 0:00:01.500000, dismiss delay: 0:00:00.100000, triggerMode: TooltipTriggerMode.longPress, enableFeedback: true, positionDelegate: Closure: (TooltipPositionContext) => Offset from Function '_getDefaultPositionDelegate@2247220820':., state: RawTooltipState#d3fab),
]" derived an Offset (Offset(311.0, 446.0)) that would not hit test on the specified widget.
Maybe the widget is actually off-screen, or another widget is obscuring it, or the widget cannot receive pointer events.
The finder corresponds to this RenderBox: _RenderLayoutSurrogateProxyBox#3fa7a relayoutBoundary=up12
The hit test result at that offset is: HitTestResult(_RenderColoredBox#6e3e5@Offset(311.0, 446.0), RenderConstrainedBox#b6eec@Offset(311.0, 446.0), RenderMouseRegion#2f191@Offset(311.0, 446.0), RenderSemanticsAnnotations#98dde@Offset(311.0, 446.0), RenderPointerListener#5f2b1@Offset(311.0, 446.0), RenderSemanticsGestureHandler#8bac4@Offset(311.0, 446.0), RenderExcludeSemantics#04bee@Offset(311.0, 446.0), RenderBlockSemantics#158f8@Offset(311.0, 446.0), RenderIgnorePointer#28427@Offset(311.0, 446.0), RenderSemanticsAnnotations#28b5f@Offset(311.0, 446.0), _RenderTheater#7cd1b@Offset(311.0, 446.0), RenderAbsorbPointer#e1afe@Offset(311.0, 446.0), RenderPointerListener#93e89@Offset(311.0, 446.0), RenderSemanticsAnnotations#90ee2@Offset(311.0, 446.0), RenderRepaintBoundary#84da8@Offset(311.0, 446.0), RenderCustomPaint#2b140@Offset(311.0, 446.0), RenderSemanticsAnnotations#f1dd8@Offset(311.0, 446.0), RenderSemanticsAnnotations#a2f8d@Offset(311.0, 446.0), RenderSemanticsAnnotations#b639e@Offset(311.0, 446.0), RenderTapRegionSurface#d52c2@Offset(311.0, 446.0), RenderSemanticsAnnotations#4001b@Offset(311.0, 446.0), RenderSemanticsAnnotations#ea04d@Offset(311.0, 446.0), HitTestEntry<HitTestTarget>#8baab(_ReusableRenderView#6b227), HitTestEntry<HitTestTarget>#6aecf(<AutomatedTestWidgetsFlutterBinding>))
#0      WidgetController._getElementPoint (package:flutter_test/src/controller.dart:2165:25)
#1      WidgetController.getCenter (package:flutter_test/src/controller.dart:1947:12)
#2      WidgetController.tap (package:flutter_test/src/controller.dart:1080:7)
#3      main.<anonymous closure> (file:///G:/BIL_Project/worktrees/bil-test-only-20261010/test/features/nutrition/meal_vision_final_portion_test.dart:100:18)
<asynchronous suspension>
#4      testWidgets.<anonymous closure>.<anonymous closure> (package:flutter_test/src/widget_tester.dart:192:15)
<asynchronous suspension>
#5      TestWidgetsFlutterBinding._runTestBody (package:flutter_test/src/binding.dart:1952:5)
<asynchronous suspension>
#6      StackZoneSpecification._registerCallback.<anonymous closure> (package:stack_trace/src/stack_zone_specification.dart:114:42)
<asynchronous suspension>
To silence this warning, pass "warnIfMissed: false" to "tap()".
To make this warning fatal, set WidgetController.hitTestWarningShouldBeFatal to true.

01:05 +1: final edited portion returns the food and exact commit basis - did not complete [E]
01:05 +1: both diary entry points commit final values and route-scoped original photo - did not complete [E]
01:05 +1: (tearDownAll) - did not complete [E]
01:05 +1: Some tests failed.

Failing tests:
  G:/BIL_Project/worktrees/bil-test-only-20261010/test/features/nutrition/meal_vision_final_portion_test.dart: (tearDownAll) (did not complete)
  G:/BIL_Project/worktrees/bil-test-only-20261010/test/features/nutrition/meal_vision_final_portion_test.dart: both diary entry points commit final values and route-scoped original photo (did not complete)
  G:/BIL_Project/worktrees/bil-test-only-20261010/test/features/nutrition/meal_vision_final_portion_test.dart: final edited portion returns the food and exact commit basis (did not complete)
