00:00 +0: loading G:/BIL_Project/worktrees/bil-test-only-20261010/test/features/nutrition/meal_vision_final_portion_test.dart
00:00 +0: G:/BIL_Project/worktrees/bil-test-only-20261010/test/features/nutrition/meal_vision_final_portion_test.dart: (setUpAll)
00:00 +0: G:/BIL_Project/worktrees/bil-test-only-20261010/test/features/nutrition/meal_vision_final_portion_test.dart: cancel final review returns no selection and no substitute photo
00:01 +1: G:/BIL_Project/worktrees/bil-test-only-20261010/test/features/nutrition/meal_vision_final_portion_test.dart: final edited portion returns the food and exact commit basis

Warning: A call to tap() with finder "Found 1 widget with widget matching predicate: [
  RawTooltip-[LabeledGlobalKey<RawTooltipState>#1cc44]("إغلاق الصورة", hover delay: 0:00:00.000000, touch delay: 0:00:01.500000, dismiss delay: 0:00:00.100000, triggerMode: TooltipTriggerMode.longPress, enableFeedback: true, positionDelegate: Closure: (TooltipPositionContext) => Offset from Function '_getDefaultPositionDelegate@683220820':., state: RawTooltipState#d5dc9),
]" derived an Offset (Offset(311.0, 446.0)) that would not hit test on the specified widget.
Maybe the widget is actually off-screen, or another widget is obscuring it, or the widget cannot receive pointer events.
The finder corresponds to this RenderBox: _RenderLayoutSurrogateProxyBox#7a97c relayoutBoundary=up12
The hit test result at that offset is: HitTestResult(_RenderColoredBox#f7c69@Offset(311.0, 446.0), RenderConstrainedBox#5d33e@Offset(311.0, 446.0), RenderMouseRegion#334c3@Offset(311.0, 446.0), RenderSemanticsAnnotations#3e72c@Offset(311.0, 446.0), RenderPointerListener#92d08@Offset(311.0, 446.0), RenderSemanticsGestureHandler#e7e13@Offset(311.0, 446.0), RenderExcludeSemantics#25112@Offset(311.0, 446.0), RenderBlockSemantics#6951b@Offset(311.0, 446.0), RenderIgnorePointer#5e629@Offset(311.0, 446.0), RenderSemanticsAnnotations#64d4b@Offset(311.0, 446.0), _RenderTheater#83819@Offset(311.0, 446.0), RenderAbsorbPointer#b8908@Offset(311.0, 446.0), RenderPointerListener#66c80@Offset(311.0, 446.0), RenderSemanticsAnnotations#b2c13@Offset(311.0, 446.0), RenderRepaintBoundary#ae35a@Offset(311.0, 446.0), RenderCustomPaint#0a898@Offset(311.0, 446.0), RenderSemanticsAnnotations#5a346@Offset(311.0, 446.0), RenderSemanticsAnnotations#5439c@Offset(311.0, 446.0), RenderSemanticsAnnotations#3d35b@Offset(311.0, 446.0), RenderTapRegionSurface#2c549@Offset(311.0, 446.0), RenderSemanticsAnnotations#3b634@Offset(311.0, 446.0), RenderSemanticsAnnotations#f4ce8@Offset(311.0, 446.0), HitTestEntry<HitTestTarget>#3c437(_ReusableRenderView#c8ba3), HitTestEntry<HitTestTarget>#dc5ed(<AutomatedTestWidgetsFlutterBinding>))
#0      WidgetController._getElementPoint (package:flutter_test/src/controller.dart:2165:25)
#1      WidgetController.getCenter (package:flutter_test/src/controller.dart:1947:12)
#2      WidgetController.tap (package:flutter_test/src/controller.dart:1080:7)
#3      main.<anonymous closure> (file:///G:/BIL_Project/worktrees/bil-test-only-20261010/test/features/nutrition/meal_vision_final_portion_test.dart:100:18)
<asynchronous suspension>
#4      testWidgets.<anonymous closure>.<anonymous closure> (package:flutter_test/src/widget_tester.dart:192:15)
<asynchronous suspension>
#5      TestWidgetsFlutterBinding._runTestBody (package:flutter_test/src/binding.dart:1952:5)
<asynchronous suspension>
#6      StackZoneSpecification._registerCallback.<anonymous closure> (package:stack_trace/src/stack_zone_specification.dart:114:42)
<asynchronous suspension>
To silence this warning, pass "warnIfMissed: false" to "tap()".
To make this warning fatal, set WidgetController.hitTestWarningShouldBeFatal to true.

00:02 +2: G:/BIL_Project/worktrees/bil-test-only-20261010/test/features/nutrition/meal_vision_final_portion_test.dart: both diary entry points commit final values and route-scoped original photo
00:02 +3: G:/BIL_Project/worktrees/bil-test-only-20261010/test/features/nutrition/meal_vision_final_portion_test.dart: (tearDownAll)
00:02 +3: loading G:/BIL_Project/worktrees/bil-test-only-20261010/test/architecture_source_file_size_guard_test.dart
00:03 +3: G:/BIL_Project/worktrees/bil-test-only-20261010/test/architecture_source_file_size_guard_test.dart: hand-maintained Dart sources stay below the architecture ceiling
00:04 +4: All tests passed!
