00:00 +0: loading G:/BIL_Project/worktrees/bil-test-only-20261010/test/features/nutrition/meal_vision_final_portion_test.dart
00:00 +0: (setUpAll)
00:00 +0: final edited portion returns the food and exact commit basis

Warning: A call to tap() with finder "Found 1 widget with widget matching predicate: [
  RawTooltip-[LabeledGlobalKey<RawTooltipState>#4b409]("إغلاق الصورة", hover delay: 0:00:00.000000, touch delay: 0:00:01.500000, dismiss delay: 0:00:00.100000, triggerMode: TooltipTriggerMode.longPress, enableFeedback: true, positionDelegate: Closure: (TooltipPositionContext) => Offset from Function '_getDefaultPositionDelegate@769220820':., state: RawTooltipState#c452e),
]" derived an Offset (Offset(311.0, 446.0)) that would not hit test on the specified widget.
Maybe the widget is actually off-screen, or another widget is obscuring it, or the widget cannot receive pointer events.
The finder corresponds to this RenderBox: _RenderLayoutSurrogateProxyBox#2e197 relayoutBoundary=up12
The hit test result at that offset is: HitTestResult(_RenderColoredBox#6cab2@Offset(311.0, 446.0), RenderConstrainedBox#ad30c@Offset(311.0, 446.0), RenderMouseRegion#2fa40@Offset(311.0, 446.0), RenderSemanticsAnnotations#f9136@Offset(311.0, 446.0), RenderPointerListener#35c18@Offset(311.0, 446.0), RenderSemanticsGestureHandler#0cf8f@Offset(311.0, 446.0), RenderExcludeSemantics#40c52@Offset(311.0, 446.0), RenderBlockSemantics#c5e83@Offset(311.0, 446.0), RenderIgnorePointer#bc771@Offset(311.0, 446.0), RenderSemanticsAnnotations#3baa8@Offset(311.0, 446.0), _RenderTheater#d97b1@Offset(311.0, 446.0), RenderAbsorbPointer#a1469@Offset(311.0, 446.0), RenderPointerListener#adf96@Offset(311.0, 446.0), RenderSemanticsAnnotations#4d214@Offset(311.0, 446.0), RenderRepaintBoundary#6dd80@Offset(311.0, 446.0), RenderCustomPaint#b2e67@Offset(311.0, 446.0), RenderSemanticsAnnotations#3b33d@Offset(311.0, 446.0), RenderSemanticsAnnotations#64772@Offset(311.0, 446.0), RenderSemanticsAnnotations#d581b@Offset(311.0, 446.0), RenderTapRegionSurface#31117@Offset(311.0, 446.0), RenderSemanticsAnnotations#22483@Offset(311.0, 446.0), RenderSemanticsAnnotations#81bbf@Offset(311.0, 446.0), HitTestEntry<HitTestTarget>#8118c(_ReusableRenderView#fd92d), HitTestEntry<HitTestTarget>#cac5b(<AutomatedTestWidgetsFlutterBinding>))
#0      WidgetController._getElementPoint (package:flutter_test/src/controller.dart:2165:25)
#1      WidgetController.getCenter (package:flutter_test/src/controller.dart:1947:12)
#2      WidgetController.tap (package:flutter_test/src/controller.dart:1080:7)
#3      main.<anonymous closure> (file:///G:/BIL_Project/worktrees/bil-test-only-20261010/test/features/nutrition/meal_vision_final_portion_test.dart:56:18)
<asynchronous suspension>
#4      testWidgets.<anonymous closure>.<anonymous closure> (package:flutter_test/src/widget_tester.dart:192:15)
<asynchronous suspension>
#5      TestWidgetsFlutterBinding._runTestBody (package:flutter_test/src/binding.dart:1952:5)
<asynchronous suspension>
#6      StackZoneSpecification._registerCallback.<anonymous closure> (package:stack_trace/src/stack_zone_specification.dart:114:42)
<asynchronous suspension>
To silence this warning, pass "warnIfMissed: false" to "tap()".
To make this warning fatal, set WidgetController.hitTestWarningShouldBeFatal to true.

00:01 +1: both diary entry points commit final values and route-scoped original photo
00:01 +2: (tearDownAll)
00:01 +2: All tests passed!
